#
# There is insufficient memory for the Java Runtime Environment to continue.
# Native memory allocation (mmap) failed to map 264241152 bytes. Error detail: G1 virtual space
# Possible reasons:
#   The system is out of physical RAM or swap space
#   This process is running with CompressedOops enabled, and the Java Heap may be blocking the growth of the native heap
# Possible solutions:
#   Reduce memory load on the system
#   Increase physical memory or swap space
#   Check if swap backing store is full
#   Decrease Java heap size (-Xmx/-Xms)
#   Decrease number of Java threads
#   Decrease Java thread stack sizes (-Xss)
#   Set larger code cache with -XX:ReservedCodeCacheSize=
#   JVM is running with Zero Based Compressed Oops mode in which the Java heap is
#     placed in the first 32GB address space. The Java Heap base address is the
#     maximum limit for the native heap growth. Please use -XX:HeapBaseMinAddress
#     to set the Java Heap base and to place the Java Heap above 32GB virtual address.
# This output file may be truncated or incomplete.
#
#  Out of Memory Error (os_windows.cpp:3554), pid=24580, tid=18704
#
# JRE version:  (25.0+36) (build )
# Java VM: OpenJDK 64-Bit Server VM (25+36-3489, mixed mode, sharing, tiered, compressed oops, compressed class ptrs, g1 gc, windows-amd64)
# No core dump will be written. Minidumps are not enabled by default on client versions of Windows
#

---------------  S U M M A R Y ------------

Command Line: --enable-native-access=ALL-UNNAMED 

Host: 13th Gen Intel(R) Core(TM) i5-13420H, 12 cores, 15G,  Windows 11 , 64 bit Build 26100 (10.0.26100.7920)
Time: Thu Mar 26 02:05:52 2026 SE Asia Standard Time elapsed time: 0.016250 seconds (0d 0h 0m 0s)

---------------  T H R E A D  ---------------

Current thread (0x000002de322b53f0):  JavaThread "Unknown thread" [_thread_in_vm, id=18704, stack(0x000000ed7ac00000,0x000000ed7ad00000) (1024K)]

Stack: [0x000000ed7ac00000,0x000000ed7ad00000]
Native frames: (J=compiled Java code, j=interpreted, Vv=VM code, C=native code)
V  [jvm.dll+0x7a6a39]  (no source info available)
V  [jvm.dll+0x7727ed]  (no source info available)
V  [jvm.dll+0x965f33]  (no source info available)
V  [jvm.dll+0x968531]  (no source info available)
V  [jvm.dll+0x968c33]  (no source info available)
V  [jvm.dll+0x2fc756]  (no source info available)
V  [jvm.dll+0x7a2c65]  (no source info available)
V  [jvm.dll+0x796077]  (no source info available)
V  [jvm.dll+0x3f4698]  (no source info available)
V  [jvm.dll+0x3fc5b6]  (no source info available)
V  [jvm.dll+0x3e8c8e]  (no source info available)
V  [jvm.dll+0x3e8f48]  (no source info available)
V  [jvm.dll+0x3c0045]  (no source info available)
V  [jvm.dll+0x3c0cce]  (no source info available)
V  [jvm.dll+0x92c647]  (no source info available)
V  [jvm.dll+0x458b62]  (no source info available)
V  [jvm.dll+0x90fff2]  (no source info available)
V  [jvm.dll+0x4f9001]  (no source info available)
V  [jvm.dll+0x4fa891]  (no source info available)
C  [jli.dll+0x543e]  (no source info available)
C  [ucrtbase.dll+0x37b0]  (no source info available)
C  [KERNEL32.DLL+0x2e8d7]  (no source info available)
C  [ntdll.dll+0x8c48c]  (no source info available)

Lock stack of current Java thread (top to bottom):


---------------  P R O C E S S  ---------------

Threads class SMR info:
_java_thread_list=0x00007fff0fed5308, length=0, elements={
}

Java Threads: ( => current thread )
Total: 0

Other Threads:
  0x000002de346a8580 WorkerThread "GC Thread#0"                     [id=7376, stack(0x000000ed7ad00000,0x000000ed7ae00000) (1024K)]
  0x000002de346c1dc0 ConcurrentGCThread "G1 Main Marker"            [id=27680, stack(0x000000ed7ae00000,0x000000ed7af00000) (1024K)]
  0x000002de346c3850 WorkerThread "G1 Conc#0"                       [id=26388, stack(0x000000ed7af00000,0x000000ed7b000000) (1024K)]

[error occurred during error reporting (printing all threads), id 0xc0000005, EXCEPTION_ACCESS_VIOLATION (0xc0000005) at pc=0x00007fff0f5b4c2a]
VM state: not at safepoint (not fully initialized)

VM Mutex/Monitor currently owned by a thread:  ([mutex/lock_event])
[0x00007fff0ff59628] Heap_lock - owner thread: 0x000002de322b53f0

Heap address: 0x0000000705c00000, size: 4004 MB, Compressed Oops mode: Zero based, Oop shift amount: 3

CDS archive(s) mapped at: [0x0000000000000000-0x0000000000000000-0x0000000000000000), size 0, SharedBaseAddress: 0x0000000800000000, ArchiveRelocationMode: 1.
UseCompressedClassPointers 1, UseCompactObjectHeaders 0
Narrow klass pointer bits 32, Max shift 3
Narrow klass base: 0xffffffffffffffff, Narrow klass shift: -1
Encoding Range: [0xffffffffffffffff - 0x000000007fffffff), (2147483648 bytes)
Klass Range:    [0x0000000000000000 - 0x0000000000000000), (0 bytes)
Klass ID Range:  [4294967295 - 0) (1)
No protection zone.

GC Precious Log:
 CardTable entry size: 512
 Card Set container configuration: InlinePtr #cards 4 size 8 Array Of Cards #cards 16 size 48 Howl #buckets 8 coarsen threshold 3686 Howl Bitmap #cards 512 size 80 coarsen threshold 460 Card regions per heap region 1 cards per card region 4096

Heap:
 garbage-first heap   total reserved 4100096K, committed 0K, used 0K [0x0000000705c00000, 0x0000000800000000)
  region size 2048K, 0 young (0K), 0 survivors (0K)

Heap Regions: E=young(eden), S=young(survivor), O=old, HS=humongous(starts), HC=humongous(continues), CS=collection set, F=free, TAMS=top-at-mark-start, PB=parsable bottom

Card table byte_map: [0x000002de4cbf0000,0x000002de4d3d0000] _byte_map_base: 0x000002de493c2000

Marking Bits: (CMBitMap*) 0x000002de346a9d20
 Bits: [0x000002de4d3d0000, 0x000002de51260000)

GC Heap Usage History (0 events):
No events

Metaspace Usage History (0 events):
No events

Dll operation events (1 events):
Event: 0.009 Loaded shared library C:\Program Files\OpenJDK\jdk-25\bin\java.dll

Deoptimization events (0 events):
No events

Classes loaded (0 events):
No events

Classes unloaded (0 events):
No events

Classes redefined (0 events):
No events

Internal exceptions (0 events):
No events

VM Operations (0 events):
No events

Memory protections (0 events):
No events

Nmethod flushes (0 events):
No events

Events (0 events):
No events


Dynamic libraries:
0x00007ff7bc640000 - 0x00007ff7bc64e000 	C:\Program Files\OpenJDK\jdk-25\bin\java.exe
0x00007fffd5b80000 - 0x00007fffd5de7000 	C:\WINDOWS\SYSTEM32\ntdll.dll
0x00007fffd57c0000 - 0x00007fffd5889000 	C:\WINDOWS\System32\KERNEL32.DLL
0x00007fffd2960000 - 0x00007fffd2d51000 	C:\WINDOWS\System32\KERNELBASE.dll
0x00007fffd3740000 - 0x00007fffd388b000 	C:\WINDOWS\System32\ucrtbase.dll
0x00007fff98860000 - 0x00007fff98877000 	C:\Program Files\OpenJDK\jdk-25\bin\jli.dll
0x00007fff98880000 - 0x00007fff9889e000 	C:\Program Files\OpenJDK\jdk-25\bin\VCRUNTIME140.dll
0x00007fffd51b0000 - 0x00007fffd5375000 	C:\WINDOWS\System32\USER32.dll
0x00007fffb8290000 - 0x00007fffb8523000 	C:\WINDOWS\WinSxS\amd64_microsoft.windows.common-controls_6595b64144ccf1df_6.0.26100.8037_none_3e092faae333b53b\COMCTL32.dll
0x00007fffd2800000 - 0x00007fffd2827000 	C:\WINDOWS\System32\win32u.dll
0x00007fffd58b0000 - 0x00007fffd5959000 	C:\WINDOWS\System32\msvcrt.dll
0x00007fffd3e70000 - 0x00007fffd3e9b000 	C:\WINDOWS\System32\GDI32.dll
0x00007fffd2830000 - 0x00007fffd295b000 	C:\WINDOWS\System32\gdi32full.dll
0x00007fffd2e20000 - 0x00007fffd2ec3000 	C:\WINDOWS\System32\msvcp_win.dll
0x00007fffd3fa0000 - 0x00007fffd3fd1000 	C:\WINDOWS\System32\IMM32.DLL
0x00007fff9ed20000 - 0x00007fff9ed2c000 	C:\Program Files\OpenJDK\jdk-25\bin\vcruntime140_1.dll
0x00007fff6f0c0000 - 0x00007fff6f14d000 	C:\Program Files\OpenJDK\jdk-25\bin\msvcp140.dll
0x00007fff0f1e0000 - 0x00007fff1003f000 	C:\Program Files\OpenJDK\jdk-25\bin\server\jvm.dll
0x00007fffd5390000 - 0x00007fffd544b000 	C:\WINDOWS\System32\ADVAPI32.dll
0x00007fffd3930000 - 0x00007fffd39d7000 	C:\WINDOWS\System32\sechost.dll
0x00007fffd47e0000 - 0x00007fffd48f8000 	C:\WINDOWS\System32\RPCRT4.dll
0x00007fffd4dd0000 - 0x00007fffd4e44000 	C:\WINDOWS\System32\WS2_32.dll
0x00007fffc05c0000 - 0x00007fffc05cb000 	C:\WINDOWS\SYSTEM32\VERSION.dll
0x00007fffd22c0000 - 0x00007fffd231e000 	C:\WINDOWS\SYSTEM32\POWRPROF.dll
0x00007fffc7930000 - 0x00007fffc7965000 	C:\WINDOWS\SYSTEM32\WINMM.dll
0x00007fffd22a0000 - 0x00007fffd22b4000 	C:\WINDOWS\SYSTEM32\UMPDC.dll
0x00007fffd11f0000 - 0x00007fffd120b000 	C:\WINDOWS\SYSTEM32\kernel.appcore.dll
0x00007fff9ec30000 - 0x00007fff9ec3a000 	C:\Program Files\OpenJDK\jdk-25\bin\jimage.dll
0x00007fffd03b0000 - 0x00007fffd05f2000 	C:\WINDOWS\SYSTEM32\DBGHELP.DLL
0x00007fffd4980000 - 0x00007fffd4d02000 	C:\WINDOWS\System32\combase.dll
0x00007fffd4eb0000 - 0x00007fffd4f87000 	C:\WINDOWS\System32\OLEAUT32.dll
0x00007fffb2e40000 - 0x00007fffb2e7b000 	C:\WINDOWS\SYSTEM32\dbgcore.DLL
0x00007fffd25e0000 - 0x00007fffd2685000 	C:\WINDOWS\System32\bcryptPrimitives.dll
0x00007fff96500000 - 0x00007fff9651f000 	C:\Program Files\OpenJDK\jdk-25\bin\java.dll
0x00007fffd54c0000 - 0x00007fffd5655000 	C:\WINDOWS\System32\ole32.dll
0x00007fffd4070000 - 0x00007fffd47cf000 	C:\WINDOWS\System32\SHELL32.dll
0x00007fffd2690000 - 0x00007fffd27fa000 	C:\WINDOWS\System32\wintypes.dll

JVMTI agents: none

dbghelp: loaded successfully - version: 4.0.5 - missing functions: none
symbol engine: initialized successfully - sym options: 0x614 - pdb path: .;C:\Program Files\OpenJDK\jdk-25\bin;C:\WINDOWS\SYSTEM32;C:\WINDOWS\WinSxS\amd64_microsoft.windows.common-controls_6595b64144ccf1df_6.0.26100.8037_none_3e092faae333b53b;C:\Program Files\OpenJDK\jdk-25\bin\server

VM Arguments:
jvm_args: --enable-native-access=ALL-UNNAMED 
java_command: <unknown>
java_class_path (initial): <not set>
Launcher Type: SUN_STANDARD

[Global flags]
     intx CICompilerCount                          = 4                                         {product} {ergonomic}
     uint ConcGCThreads                            = 3                                         {product} {ergonomic}
     uint G1ConcRefinementThreads                  = 10                                        {product} {ergonomic}
   size_t G1HeapRegionSize                         = 2097152                                   {product} {ergonomic}
   size_t InitialHeapSize                          = 264241152                                 {product} {ergonomic}
   size_t MarkStackSize                            = 4194304                                   {product} {ergonomic}
   size_t MarkStackSizeMax                         = 536870912                                 {product} {ergonomic}
   size_t MaxHeapSize                              = 4198498304                                {product} {ergonomic}
   size_t MinHeapDeltaBytes                        = 2097152                                   {product} {ergonomic}
   size_t MinHeapSize                              = 8388608                                   {product} {ergonomic}
    uintx NonNMethodCodeHeapSize                   = 5832704                                {pd product} {ergonomic}
    uintx NonProfiledCodeHeapSize                  = 122945536                              {pd product} {ergonomic}
    uintx ProfiledCodeHeapSize                     = 122880000                              {pd product} {ergonomic}
    uintx ReservedCodeCacheSize                    = 251658240                              {pd product} {ergonomic}
     bool SegmentedCodeCache                       = true                                      {product} {ergonomic}
   size_t SoftMaxHeapSize                          = 4198498304                             {manageable} {ergonomic}
     bool UseCompressedOops                        = true                           {product lp64_product} {ergonomic}
     bool UseG1GC                                  = true                                      {product} {ergonomic}
     bool UseLargePagesIndividualAllocation        = false                                  {pd product} {ergonomic}

Logging:
Log output configuration:
 #0: stdout all=warning uptime,level,tags foldmultilines=false
 #1: stderr all=off uptime,level,tags foldmultilines=false

Release file:
<release file has not been read>
Environment Variables:
JAVA_HOME=C:\Program Files\OpenJDK\jdk-25
PATH=C:\Program Files\Eclipse Adoptium\jdk-25.0.1.8-hotspot\bin;C:\Program Files\Common Files\Oracle\Java\javapath;C:\Program Files (x86)\Common Files\Oracle\Java\java8path;C:\Program Files (x86)\Common Files\Oracle\Java\javapath;C:\WINDOWS\system32;C:\WINDOWS;C:\WINDOWS\System32\Wbem;C:\WINDOWS\System32\WindowsPowerShell\v1.0\;C:\WINDOWS\System32\OpenSSH\;C:\Program Files (x86)\QuickTime\QTSystem\;C:\Program Files\Git\cmd;C:\Program Files\nodejs\;C:\Program Files\MySQL\MySQL Server 8.0\bin;C:\Program Files\dotnet\;C:\ProgramData\chocolatey\bin;C:\Program Files\OpenJDK\jdk-25\bin;C:\Program Files (x86)\dotnet\;C:\Program Files\apache-maven-3.9.12\bin;;C:\Program Files\GnuPG\bin;C:\xampp\php;C:\ProgramData\ComposerSetup\bin;C:\Users\U-ser\AppData\Local\Programs\Python\Python313\Scripts\;C:\Users\U-ser\AppData\Local\Programs\Python\Python313\;C:\Users\U-ser\AppData\Local\Programs\Python\Launcher\;C:\Users\U-ser\AppData\Local\Microsoft\WindowsApps;C:\Users\U-ser\AppData\Local\Programs\Microsoft VS Code\bin;C:\msys64\mingw64\bin;C:\Users\U-ser\AppData\Roaming\npm;C:\Program Files\MySQL\MySQL Server 8.0\bin;C:\Users\U-ser\AppData\Roaming\Composer\vendor\bin;C:\Users\U-ser\AppData\Local\Programs\Kiro\bin;C:\Users\U-ser\AppData\Local\Programs\cursor\resources\app\bin;C:\Users\U-ser\AppData\Local\Programs\Antigravity\bin;c:\Users\U-ser\.kiro\extensions\vscjava.vscode-java-debug-0.58.5-universal\bundled\scripts\noConfigScripts
USERNAME=U-ser
LANG=en_US.UTF-8
OS=Windows_NT
PROCESSOR_IDENTIFIER=Intel64 Family 6 Model 186 Stepping 2, GenuineIntel
TMP=C:\Users\U-ser\AppData\Local\Temp
TEMP=C:\Users\U-ser\AppData\Local\Temp




Compilation memory statistics disabled.

Periodic native trim disabled

---------------  S Y S T E M  ---------------

OS:
 Windows 11 , 64 bit Build 26100 (10.0.26100.7920)
OS uptime: 2 days 16:40 hours
Hyper-V role detected

CPU: total 12 (initial active 12) (6 cores per cpu, 2 threads per core) family 6 model 186 stepping 2 microcode 0x4122, cx8, cmov, fxsr, ht, mmx, 3dnowpref, sse, sse2, sse3, ssse3, sse4.1, sse4.2, popcnt, lzcnt, tsc, tscinvbit, avx, avx2, aes, erms, clmul, bmi1, bmi2, adx, sha, fma, vzeroupper, clflush, clflushopt, clwb, hv, serialize, rdtscp, rdpid, fsrm, gfni, f16c, cet_ibt, cet_ss
Processor Information for processor 0
  Max Mhz: 2100, Current Mhz: 2100, Mhz Limit: 2100
Processor Information for processor 1
  Max Mhz: 2100, Current Mhz: 2100, Mhz Limit: 2100
Processor Information for processor 2
  Max Mhz: 2100, Current Mhz: 2100, Mhz Limit: 2100
Processor Information for processor 3
  Max Mhz: 2100, Current Mhz: 2100, Mhz Limit: 2100
Processor Information for processor 4
  Max Mhz: 2100, Current Mhz: 2100, Mhz Limit: 2100
Processor Information for processor 5
  Max Mhz: 2100, Current Mhz: 2100, Mhz Limit: 2100
Processor Information for processor 6
  Max Mhz: 2100, Current Mhz: 2100, Mhz Limit: 2100
Processor Information for processor 7
  Max Mhz: 2100, Current Mhz: 2100, Mhz Limit: 2100
Processor Information for processor 8
  Max Mhz: 2100, Current Mhz: 2100, Mhz Limit: 2100
Processor Information for processor 9
  Max Mhz: 2100, Current Mhz: 2100, Mhz Limit: 2100
Processor Information for processor 10
  Max Mhz: 2100, Current Mhz: 2100, Mhz Limit: 2100
Processor Information for processor 11
  Max Mhz: 2100, Current Mhz: 1540, Mhz Limit: 2100

Memory: 4k page, system-wide physical 16009M (1731M free)
TotalPageFile size 30179M (AvailPageFile size 143M)
current process WorkingSet (physical memory assigned to process): 14M, peak: 14M
current process commit charge ("private bytes"): 65M, peak: 317M

vm_info: OpenJDK 64-Bit Server VM (25+36-3489) for windows-amd64 JRE (25+36-3489), built on 2025-08-12T17:19:28Z with unknown MS VC++:1943

END.
