#
# There is insufficient memory for the Java Runtime Environment to continue.
# Native memory allocation (malloc) failed to allocate 619936 bytes for Chunk::new
# Possible reasons:
#   The system is out of physical RAM or swap space
#   The process is running with CompressedOops enabled, and the Java Heap may be blocking the growth of the native heap
# Possible solutions:
#   Reduce memory load on the system
#   Increase physical memory or swap space
#   Check if swap backing store is full
#   Decrease Java heap size (-Xmx/-Xms)
#   Decrease number of Java threads
#   Decrease Java thread stack sizes (-Xss)
#   Set larger code cache with -XX:ReservedCodeCacheSize=
#   JVM is running with Unscaled Compressed Oops mode in which the Java heap is
#     placed in the first 4GB address space. The Java Heap base address is the
#     maximum limit for the native heap growth. Please use -XX:HeapBaseMinAddress
#     to set the Java Heap base and to place the Java Heap above 4GB virtual address.
# This output file may be truncated or incomplete.
#
#  Out of Memory Error (arena.cpp:189), pid=24312, tid=25332
#
# JRE version: OpenJDK Runtime Environment Temurin-17.0.4.1+1 (17.0.4.1+1) (build 17.0.4.1+1)
# Java VM: OpenJDK 64-Bit Server VM Temurin-17.0.4.1+1 (17.0.4.1+1, mixed mode, tiered, compressed oops, compressed class ptrs, parallel gc, windows-amd64)
# No core dump will be written. Minidumps are not enabled by default on client versions of Windows
#

---------------  S U M M A R Y ------------

Command Line: --add-modules=ALL-SYSTEM --add-opens=java.base/java.util=ALL-UNNAMED --add-opens=java.base/java.lang=ALL-UNNAMED --add-opens=java.base/sun.nio.fs=ALL-UNNAMED -Declipse.application=org.eclipse.jdt.ls.core.id1 -Dosgi.bundles.defaultStartLevel=4 -Declipse.product=org.eclipse.jdt.ls.core.product -Djava.import.generatesMetadataFilesAtProjectRoot=false -Dfile.encoding=utf8 -XX:+UseParallelGC -XX:GCTimeRatio=4 -XX:AdaptiveSizePolicyWeight=90 -Dsun.zip.disableMemoryMapping=true -Xmx1G -Xms100m -Xlog:disable -javaagent:c:\Users\U-ser\.kiro\extensions\redhat.java-1.12.0-win32-x64\lombok\lombok-1.18.24.jar c:\Users\U-ser\.kiro\extensions\redhat.java-1.12.0-win32-x64\server\plugins\org.eclipse.equinox.launcher_1.6.400.v20210924-0641.jar -configuration c:\Users\U-ser\AppData\Roaming\Kiro\User\globalStorage\redhat.java\1.12.0\config_ss_win -data c:\Users\U-ser\AppData\Roaming\Kiro\User\workspaceStorage\353eb41b83a62a7905521e95c5419d63\redhat.java\ss_ws

Host: 13th Gen Intel(R) Core(TM) i5-13420H, 12 cores, 15G,  Windows 11 , 64 bit Build 26100 (10.0.26100.7920)
Time: Thu Mar 26 02:20:38 2026 SE Asia Standard Time elapsed time: 2.126943 seconds (0d 0h 0m 2s)

---------------  T H R E A D  ---------------

Current thread (0x0000018e1db877b0):  JavaThread "C2 CompilerThread0" daemon [_thread_in_native, id=25332, stack(0x0000002489f00000,0x000000248a000000)]


Current CompileTask:
C2:   2126 2298       4       org.objectweb.asm.ClassReader::readMethod (1066 bytes)

Stack: [0x0000002489f00000,0x000000248a000000]
Native frames: (J=compiled Java code, j=interpreted, Vv=VM code, C=native code)
V  [jvm.dll+0x67731a]
V  [jvm.dll+0x832284]
V  [jvm.dll+0x833a2e]
V  [jvm.dll+0x834093]
V  [jvm.dll+0x245775]
V  [jvm.dll+0xabd7b]
V  [jvm.dll+0xac30c]
V  [jvm.dll+0x2ac80f]
V  [jvm.dll+0x57dd77]
V  [jvm.dll+0x220892]
V  [jvm.dll+0x21a069]
V  [jvm.dll+0x21799b]
V  [jvm.dll+0x1a3f8d]
V  [jvm.dll+0x227498]
V  [jvm.dll+0x2255e5]
V  [jvm.dll+0x7e7e9b]
V  [jvm.dll+0x7e240a]
V  [jvm.dll+0x6761a5]
C  [ucrtbase.dll+0x37b0]
C  [KERNEL32.DLL+0x2e8d7]
C  [ntdll.dll+0x8c48c]


---------------  P R O C E S S  ---------------

Threads class SMR info:
_java_thread_list=0x0000018e209fe9d0, length=21, elements={
0x0000018e081944d0, 0x0000018e1c01e8c0, 0x0000018e08258900, 0x0000018e1db53740,
0x0000018e1db54200, 0x0000018e1db57740, 0x0000018e1db84bb0, 0x0000018e1db877b0,
0x0000018e1dbee730, 0x0000018e0825e6b0, 0x0000018e1dc656f0, 0x0000018e1de8ef40,
0x0000018e1f1f5ba0, 0x0000018e2045fd50, 0x0000018e206965c0, 0x0000018e20835a00,
0x0000018e20707cc0, 0x0000018e2083bde0, 0x0000018e20832d50, 0x0000018e209fdff0,
0x0000018e20b85b30
}

Java Threads: ( => current thread )
  0x0000018e081944d0 JavaThread "main" [_thread_blocked, id=19000, stack(0x0000002489600000,0x0000002489700000)]
  0x0000018e1c01e8c0 JavaThread "Reference Handler" daemon [_thread_blocked, id=30556, stack(0x0000002489900000,0x0000002489a00000)]
  0x0000018e08258900 JavaThread "Finalizer" daemon [_thread_blocked, id=35556, stack(0x0000002489a00000,0x0000002489b00000)]
  0x0000018e1db53740 JavaThread "Signal Dispatcher" daemon [_thread_blocked, id=29672, stack(0x0000002489b00000,0x0000002489c00000)]
  0x0000018e1db54200 JavaThread "Attach Listener" daemon [_thread_blocked, id=29968, stack(0x0000002489c00000,0x0000002489d00000)]
  0x0000018e1db57740 JavaThread "Service Thread" daemon [_thread_blocked, id=28292, stack(0x0000002489d00000,0x0000002489e00000)]
  0x0000018e1db84bb0 JavaThread "Monitor Deflation Thread" daemon [_thread_blocked, id=24656, stack(0x0000002489e00000,0x0000002489f00000)]
=>0x0000018e1db877b0 JavaThread "C2 CompilerThread0" daemon [_thread_in_native, id=25332, stack(0x0000002489f00000,0x000000248a000000)]
  0x0000018e1dbee730 JavaThread "C1 CompilerThread0" daemon [_thread_blocked, id=27560, stack(0x000000248a000000,0x000000248a100000)]
  0x0000018e0825e6b0 JavaThread "Sweeper thread" daemon [_thread_blocked, id=6580, stack(0x000000248a100000,0x000000248a200000)]
  0x0000018e1dc656f0 JavaThread "Common-Cleaner" daemon [_thread_blocked, id=12488, stack(0x000000248a200000,0x000000248a300000)]
  0x0000018e1de8ef40 JavaThread "Notification Thread" daemon [_thread_blocked, id=19128, stack(0x000000248a300000,0x000000248a400000)]
  0x0000018e1f1f5ba0 JavaThread "C2 CompilerThread1" daemon [_thread_blocked, id=21380, stack(0x000000248a500000,0x000000248a600000)]
  0x0000018e2045fd50 JavaThread "Active Thread: Equinox Container: 31ea193a-2f51-4ab8-991d-ada36e5c2783" [_thread_blocked, id=8024, stack(0x000000248ac00000,0x000000248ad00000)]
  0x0000018e206965c0 JavaThread "Framework Event Dispatcher: Equinox Container: 31ea193a-2f51-4ab8-991d-ada36e5c2783" daemon [_thread_blocked, id=15588, stack(0x000000248ad00000,0x000000248ae00000)]
  0x0000018e20835a00 JavaThread "Start Level: Equinox Container: 31ea193a-2f51-4ab8-991d-ada36e5c2783" daemon [_thread_in_vm, id=8600, stack(0x000000248ae00000,0x000000248af00000)]
  0x0000018e20707cc0 JavaThread "SCR Component Actor" daemon [_thread_blocked, id=28172, stack(0x000000248af00000,0x000000248b000000)]
  0x0000018e2083bde0 JavaThread "SCR Component Registry" daemon [_thread_blocked, id=33636, stack(0x000000248b200000,0x000000248b300000)]
  0x0000018e20832d50 JavaThread "Worker-JM" [_thread_blocked, id=19124, stack(0x000000248a600000,0x000000248a700000)]
  0x0000018e209fdff0 JavaThread "Worker-0" [_thread_blocked, id=14020, stack(0x000000248b500000,0x000000248b600000)]
  0x0000018e20b85b30 JavaThread "Worker-1" [_thread_blocked, id=28728, stack(0x000000248b600000,0x000000248b700000)]

Other Threads:
  0x0000018e082549d0 VMThread "VM Thread" [stack: 0x0000002489800000,0x0000002489900000] [id=23972]
  0x0000018e1de8f410 WatcherThread [stack: 0x000000248a400000,0x000000248a500000] [id=25968]
  0x0000018e081a5140 GCTaskThread "GC Thread#0" [stack: 0x0000002489700000,0x0000002489800000] [id=21628]
  0x0000018e1f35ceb0 GCTaskThread "GC Thread#1" [stack: 0x000000248a700000,0x000000248a800000] [id=24308]
  0x0000018e1f7d0060 GCTaskThread "GC Thread#2" [stack: 0x000000248a800000,0x000000248a900000] [id=26220]
  0x0000018e1f736010 GCTaskThread "GC Thread#3" [stack: 0x000000248a900000,0x000000248aa00000] [id=30108]
  0x0000018e1f7362c0 GCTaskThread "GC Thread#4" [stack: 0x000000248aa00000,0x000000248ab00000] [id=25616]
  0x0000018e1f736570 GCTaskThread "GC Thread#5" [stack: 0x000000248ab00000,0x000000248ac00000] [id=30100]
  0x0000018e207921b0 GCTaskThread "GC Thread#6" [stack: 0x000000248b000000,0x000000248b100000] [id=34812]
  0x0000018e20791080 GCTaskThread "GC Thread#7" [stack: 0x000000248b100000,0x000000248b200000] [id=18816]
  0x0000018e2092d3f0 GCTaskThread "GC Thread#8" [stack: 0x000000248b300000,0x000000248b400000] [id=22572]
  0x0000018e2092d6a0 GCTaskThread "GC Thread#9" [stack: 0x000000248b400000,0x000000248b500000] [id=23612]

Threads with active compile tasks:
C2 CompilerThread0     2142 2298       4       org.objectweb.asm.ClassReader::readMethod (1066 bytes)

VM state: not at safepoint (normal execution)

VM Mutex/Monitor currently owned by a thread:  ([mutex/lock_event])
[0x0000018e05e2b510] Metaspace_lock - owner thread: 0x0000018e20835a00

Heap address: 0x00000000c0000000, size: 1024 MB, Compressed Oops mode: 32-bit

CDS archive(s) not mapped
Compressed class space mapped at: 0x0000000100000000-0x0000000140000000, reserved size: 1073741824
Narrow klass base: 0x0000000000000000, Narrow klass shift: 3, Narrow klass range: 0x140000000

GC Precious Log:
 CPUs: 12 total, 12 available
 Memory: 16009M
 Large Page Support: Disabled
 NUMA Support: Disabled
 Compressed Oops: Enabled (32-bit)
 Alignments: Space 512K, Generation 512K, Heap 2M
 Heap Min Capacity: 100M
 Heap Initial Capacity: 100M
 Heap Max Capacity: 1G
 Pre-touch: Disabled
 Parallel Workers: 10

Heap:
 PSYoungGen      total 26112K, used 9570K [0x00000000eab00000, 0x00000000ec880000, 0x0000000100000000)
  eden space 25088K, 34% used [0x00000000eab00000,0x00000000eb37e788,0x00000000ec380000)
  from space 1024K, 85% used [0x00000000ec400000,0x00000000ec4da098,0x00000000ec500000)
  to   space 2560K, 0% used [0x00000000ec600000,0x00000000ec600000,0x00000000ec880000)
 ParOldGen       total 68608K, used 6960K [0x00000000c0000000, 0x00000000c4300000, 0x00000000eab00000)
  object space 68608K, 10% used [0x00000000c0000000,0x00000000c06cc320,0x00000000c4300000)
 Metaspace       used 25743K, committed 26176K, reserved 1073152K
  class space    used 2502K, committed 2688K, reserved 1048576K

Card table byte_map: [0x0000018e07b40000,0x0000018e07d50000] _byte_map_base: 0x0000018e07540000

Marking Bits: (ParMarkBitMap*) 0x00007fff10bc2cc0
 Begin Bits: [0x0000018e19e20000, 0x0000018e1ae20000)
 End Bits:   [0x0000018e1ae20000, 0x0000018e1be20000)

Polling page: 0x0000018e06050000

Metaspace:

Usage:
  Non-class:     22.70 MB used.
      Class:      2.44 MB used.
       Both:     25.14 MB used.

Virtual space:
  Non-class space:       24.00 MB reserved,      22.94 MB ( 96%) committed,  3 nodes.
      Class space:        1.00 GB reserved,       2.62 MB ( <1%) committed,  1 nodes.
             Both:        1.02 GB reserved,      25.56 MB (  2%) committed. 

Chunk freelists:
   Non-Class:  440.00 KB
       Class:  1.39 MB
        Both:  1.82 MB

MaxMetaspaceSize: unlimited
CompressedClassSpaceSize: 1.00 GB
Initial GC threshold: 21.00 MB
Current GC threshold: 35.00 MB
CDS: off
MetaspaceReclaimPolicy: balanced
 - commit_granule_bytes: 65536.
 - commit_granule_words: 8192.
 - virtual_space_node_default_size: 1048576.
 - enlarge_chunks_in_place: 1.
 - new_chunks_are_fully_committed: 0.
 - uncommit_free_chunks: 1.
 - use_allocation_guard: 0.
 - handle_deallocations: 1.


Internal statistics:

num_allocs_failed_limit: 3.
num_arena_births: 170.
num_arena_deaths: 14.
num_vsnodes_births: 4.
num_vsnodes_deaths: 0.
num_space_committed: 409.
num_space_uncommitted: 0.
num_chunks_returned_to_freelist: 17.
num_chunks_taken_from_freelist: 805.
num_chunk_merges: 7.
num_chunk_splits: 564.
num_chunks_enlarged: 429.
num_purges: 2.
num_inconsistent_stats: 0.

CodeHeap 'non-profiled nmethods': size=120000Kb used=930Kb max_used=930Kb free=119069Kb
 bounds [0x0000018e128f0000, 0x0000018e12b60000, 0x0000018e19e20000]
CodeHeap 'profiled nmethods': size=120000Kb used=4653Kb max_used=4653Kb free=115346Kb
 bounds [0x0000018e0b3c0000, 0x0000018e0b850000, 0x0000018e128f0000]
CodeHeap 'non-nmethods': size=5760Kb used=1221Kb max_used=1242Kb free=4538Kb
 bounds [0x0000018e0ae20000, 0x0000018e0b090000, 0x0000018e0b3c0000]
 total_blobs=2844 nmethods=2313 adapters=445
 compilation: enabled
              stopped_count=0, restarted_count=0
 full_count=0

Compilation events (20 events):
Event: 2.096 Thread 0x0000018e1f1f5ba0 2301       4       org.objectweb.asm.ByteVector::putByteArray (49 bytes)
Event: 2.097 Thread 0x0000018e1f1f5ba0 nmethod 2301 0x0000018e129d4b10 code [0x0000018e129d4c80, 0x0000018e129d4dd8]
Event: 2.097 Thread 0x0000018e1f1f5ba0 2307       4       org.objectweb.asm.MethodWriter::putMethodInfo (1274 bytes)
Event: 2.107 Thread 0x0000018e1dbee730 2309       3       jdk.internal.reflect.ClassFileAssembler::setStack (25 bytes)
Event: 2.107 Thread 0x0000018e1dbee730 nmethod 2309 0x0000018e0b83fb10 code [0x0000018e0b83fca0, 0x0000018e0b83fdf8]
Event: 2.107 Thread 0x0000018e1dbee730 2310       3       java.util.concurrent.ConcurrentHashMap::<init> (5 bytes)
Event: 2.107 Thread 0x0000018e1dbee730 nmethod 2310 0x0000018e0b83fe90 code [0x0000018e0b840040, 0x0000018e0b8401f8]
Event: 2.114 Thread 0x0000018e1dbee730 2311 %     3       org.objectweb.asm.SymbolTable::<init> @ 98 (536 bytes)
Event: 2.116 Thread 0x0000018e1dbee730 nmethod 2311% 0x0000018e0b840310 code [0x0000018e0b8408c0, 0x0000018e0b8434c8]
Event: 2.117 Thread 0x0000018e1dbee730 2312       3       org.objectweb.asm.ClassReader::<init> (371 bytes)
Event: 2.118 Thread 0x0000018e1dbee730 nmethod 2312 0x0000018e0b844690 code [0x0000018e0b844960, 0x0000018e0b845b18]
Event: 2.118 Thread 0x0000018e1dbee730 2313       3       org.objectweb.asm.SymbolTable::<init> (536 bytes)
Event: 2.119 Thread 0x0000018e1f1f5ba0 nmethod 2307 0x0000018e129d4f10 code [0x0000018e129d5440, 0x0000018e129d6ec8]
Event: 2.119 Thread 0x0000018e1f1f5ba0 2308       4       java.util.HashMap::afterNodeRemoval (1 bytes)
Event: 2.120 Thread 0x0000018e1dbee730 nmethod 2313 0x0000018e0b846090 code [0x0000018e0b846620, 0x0000018e0b848f88]
Event: 2.120 Thread 0x0000018e1dbee730 2314       3       org.objectweb.asm.ByteVector::putUTF8 (144 bytes)
Event: 2.120 Thread 0x0000018e1f1f5ba0 nmethod 2308 0x0000018e129d8790 code [0x0000018e129d8900, 0x0000018e129d8978]
Event: 2.120 Thread 0x0000018e1dbee730 nmethod 2314 0x0000018e0b84a090 code [0x0000018e0b84a300, 0x0000018e0b84ae08]
Event: 2.120 Thread 0x0000018e1dbee730 2315       3       org.objectweb.asm.MethodVisitor::visitInsn (16 bytes)
Event: 2.120 Thread 0x0000018e1dbee730 nmethod 2315 0x0000018e0b84b310 code [0x0000018e0b84b4c0, 0x0000018e0b84b6c8]

GC Heap History (12 events):
Event: 0.780 GC heap before
{Heap before GC invocations=1 (full 0):
 PSYoungGen      total 29696K, used 25600K [0x00000000eab00000, 0x00000000ecc00000, 0x0000000100000000)
  eden space 25600K, 100% used [0x00000000eab00000,0x00000000ec400000,0x00000000ec400000)
  from space 4096K, 0% used [0x00000000ec800000,0x00000000ec800000,0x00000000ecc00000)
  to   space 4096K, 0% used [0x00000000ec400000,0x00000000ec400000,0x00000000ec800000)
 ParOldGen       total 68608K, used 0K [0x00000000c0000000, 0x00000000c4300000, 0x00000000eab00000)
  object space 68608K, 0% used [0x00000000c0000000,0x00000000c0000000,0x00000000c4300000)
 Metaspace       used 10833K, committed 11008K, reserved 1064960K
  class space    used 1087K, committed 1152K, reserved 1048576K
}
Event: 0.785 GC heap after
{Heap after GC invocations=1 (full 0):
 PSYoungGen      total 29696K, used 3224K [0x00000000eab00000, 0x00000000ecc00000, 0x0000000100000000)
  eden space 25600K, 0% used [0x00000000eab00000,0x00000000eab00000,0x00000000ec400000)
  from space 4096K, 78% used [0x00000000ec400000,0x00000000ec726218,0x00000000ec800000)
  to   space 4096K, 0% used [0x00000000ec800000,0x00000000ec800000,0x00000000ecc00000)
 ParOldGen       total 68608K, used 8K [0x00000000c0000000, 0x00000000c4300000, 0x00000000eab00000)
  object space 68608K, 0% used [0x00000000c0000000,0x00000000c0002000,0x00000000c4300000)
 Metaspace       used 10833K, committed 11008K, reserved 1064960K
  class space    used 1087K, committed 1152K, reserved 1048576K
}
Event: 1.353 GC heap before
{Heap before GC invocations=2 (full 0):
 PSYoungGen      total 29696K, used 28824K [0x00000000eab00000, 0x00000000ecc00000, 0x0000000100000000)
  eden space 25600K, 100% used [0x00000000eab00000,0x00000000ec400000,0x00000000ec400000)
  from space 4096K, 78% used [0x00000000ec400000,0x00000000ec726218,0x00000000ec800000)
  to   space 4096K, 0% used [0x00000000ec800000,0x00000000ec800000,0x00000000ecc00000)
 ParOldGen       total 68608K, used 8K [0x00000000c0000000, 0x00000000c4300000, 0x00000000eab00000)
  object space 68608K, 0% used [0x00000000c0000000,0x00000000c0002000,0x00000000c4300000)
 Metaspace       used 15230K, committed 15424K, reserved 1064960K
  class space    used 1558K, committed 1664K, reserved 1048576K
}
Event: 1.357 GC heap after
{Heap after GC invocations=2 (full 0):
 PSYoungGen      total 29696K, used 4094K [0x00000000eab00000, 0x00000000ecc00000, 0x0000000100000000)
  eden space 25600K, 0% used [0x00000000eab00000,0x00000000eab00000,0x00000000ec400000)
  from space 4096K, 99% used [0x00000000ec800000,0x00000000ecbffa68,0x00000000ecc00000)
  to   space 4096K, 0% used [0x00000000ec400000,0x00000000ec400000,0x00000000ec800000)
 ParOldGen       total 68608K, used 706K [0x00000000c0000000, 0x00000000c4300000, 0x00000000eab00000)
  object space 68608K, 1% used [0x00000000c0000000,0x00000000c00b0830,0x00000000c4300000)
 Metaspace       used 15230K, committed 15424K, reserved 1064960K
  class space    used 1558K, committed 1664K, reserved 1048576K
}
Event: 1.752 GC heap before
{Heap before GC invocations=3 (full 0):
 PSYoungGen      total 29696K, used 29694K [0x00000000eab00000, 0x00000000ecc00000, 0x0000000100000000)
  eden space 25600K, 100% used [0x00000000eab00000,0x00000000ec400000,0x00000000ec400000)
  from space 4096K, 99% used [0x00000000ec800000,0x00000000ecbffa68,0x00000000ecc00000)
  to   space 4096K, 0% used [0x00000000ec400000,0x00000000ec400000,0x00000000ec800000)
 ParOldGen       total 68608K, used 706K [0x00000000c0000000, 0x00000000c4300000, 0x00000000eab00000)
  object space 68608K, 1% used [0x00000000c0000000,0x00000000c00b0830,0x00000000c4300000)
 Metaspace       used 20256K, committed 20608K, reserved 1073152K
  class space    used 2062K, committed 2240K, reserved 1048576K
}
Event: 1.756 GC heap after
{Heap after GC invocations=3 (full 0):
 PSYoungGen      total 29696K, used 4081K [0x00000000eab00000, 0x00000000ecc00000, 0x0000000100000000)
  eden space 25600K, 0% used [0x00000000eab00000,0x00000000eab00000,0x00000000ec400000)
  from space 4096K, 99% used [0x00000000ec400000,0x00000000ec7fc540,0x00000000ec800000)
  to   space 4096K, 0% used [0x00000000ec800000,0x00000000ec800000,0x00000000ecc00000)
 ParOldGen       total 68608K, used 2854K [0x00000000c0000000, 0x00000000c4300000, 0x00000000eab00000)
  object space 68608K, 4% used [0x00000000c0000000,0x00000000c02c9948,0x00000000c4300000)
 Metaspace       used 20256K, committed 20608K, reserved 1073152K
  class space    used 2062K, committed 2240K, reserved 1048576K
}
Event: 1.826 GC heap before
{Heap before GC invocations=4 (full 0):
 PSYoungGen      total 29696K, used 9143K [0x00000000eab00000, 0x00000000ecc00000, 0x0000000100000000)
  eden space 25600K, 19% used [0x00000000eab00000,0x00000000eaff1898,0x00000000ec400000)
  from space 4096K, 99% used [0x00000000ec400000,0x00000000ec7fc540,0x00000000ec800000)
  to   space 4096K, 0% used [0x00000000ec800000,0x00000000ec800000,0x00000000ecc00000)
 ParOldGen       total 68608K, used 2854K [0x00000000c0000000, 0x00000000c4300000, 0x00000000eab00000)
  object space 68608K, 4% used [0x00000000c0000000,0x00000000c02c9948,0x00000000c4300000)
 Metaspace       used 21038K, committed 21504K, reserved 1073152K
  class space    used 2145K, committed 2368K, reserved 1048576K
}
Event: 1.828 GC heap after
{Heap after GC invocations=4 (full 0):
 PSYoungGen      total 29696K, used 4076K [0x00000000eab00000, 0x00000000ecc00000, 0x0000000100000000)
  eden space 25600K, 0% used [0x00000000eab00000,0x00000000eab00000,0x00000000ec400000)
  from space 4096K, 99% used [0x00000000ec800000,0x00000000ecbfb2c8,0x00000000ecc00000)
  to   space 4096K, 0% used [0x00000000ec400000,0x00000000ec400000,0x00000000ec800000)
 ParOldGen       total 68608K, used 3074K [0x00000000c0000000, 0x00000000c4300000, 0x00000000eab00000)
  object space 68608K, 4% used [0x00000000c0000000,0x00000000c0300958,0x00000000c4300000)
 Metaspace       used 21038K, committed 21504K, reserved 1073152K
  class space    used 2145K, committed 2368K, reserved 1048576K
}
Event: 1.828 GC heap before
{Heap before GC invocations=5 (full 1):
 PSYoungGen      total 29696K, used 4076K [0x00000000eab00000, 0x00000000ecc00000, 0x0000000100000000)
  eden space 25600K, 0% used [0x00000000eab00000,0x00000000eab00000,0x00000000ec400000)
  from space 4096K, 99% used [0x00000000ec800000,0x00000000ecbfb2c8,0x00000000ecc00000)
  to   space 4096K, 0% used [0x00000000ec400000,0x00000000ec400000,0x00000000ec800000)
 ParOldGen       total 68608K, used 3074K [0x00000000c0000000, 0x00000000c4300000, 0x00000000eab00000)
  object space 68608K, 4% used [0x00000000c0000000,0x00000000c0300958,0x00000000c4300000)
 Metaspace       used 21038K, committed 21504K, reserved 1073152K
  class space    used 2145K, committed 2368K, reserved 1048576K
}
Event: 1.843 GC heap after
{Heap after GC invocations=5 (full 1):
 PSYoungGen      total 29696K, used 0K [0x00000000eab00000, 0x00000000ecc00000, 0x0000000100000000)
  eden space 25600K, 0% used [0x00000000eab00000,0x00000000eab00000,0x00000000ec400000)
  from space 4096K, 0% used [0x00000000ec800000,0x00000000ec800000,0x00000000ecc00000)
  to   space 4096K, 0% used [0x00000000ec400000,0x00000000ec400000,0x00000000ec800000)
 ParOldGen       total 68608K, used 6960K [0x00000000c0000000, 0x00000000c4300000, 0x00000000eab00000)
  object space 68608K, 10% used [0x00000000c0000000,0x00000000c06cc320,0x00000000c4300000)
 Metaspace       used 21024K, committed 21504K, reserved 1073152K
  class space    used 2141K, committed 2368K, reserved 1048576K
}
Event: 2.056 GC heap before
{Heap before GC invocations=6 (full 1):
 PSYoungGen      total 29696K, used 25600K [0x00000000eab00000, 0x00000000ecc00000, 0x0000000100000000)
  eden space 25600K, 100% used [0x00000000eab00000,0x00000000ec400000,0x00000000ec400000)
  from space 4096K, 0% used [0x00000000ec800000,0x00000000ec800000,0x00000000ecc00000)
  to   space 4096K, 0% used [0x00000000ec400000,0x00000000ec400000,0x00000000ec800000)
 ParOldGen       total 68608K, used 6960K [0x00000000c0000000, 0x00000000c4300000, 0x00000000eab00000)
  object space 68608K, 10% used [0x00000000c0000000,0x00000000c06cc320,0x00000000c4300000)
 Metaspace       used 24469K, committed 24896K, reserved 1073152K
  class space    used 2389K, committed 2560K, reserved 1048576K
}
Event: 2.057 GC heap after
{Heap after GC invocations=6 (full 1):
 PSYoungGen      total 26112K, used 872K [0x00000000eab00000, 0x00000000ec880000, 0x0000000100000000)
  eden space 25088K, 0% used [0x00000000eab00000,0x00000000eab00000,0x00000000ec380000)
  from space 1024K, 85% used [0x00000000ec400000,0x00000000ec4da098,0x00000000ec500000)
  to   space 2560K, 0% used [0x00000000ec600000,0x00000000ec600000,0x00000000ec880000)
 ParOldGen       total 68608K, used 6960K [0x00000000c0000000, 0x00000000c4300000, 0x00000000eab00000)
  object space 68608K, 10% used [0x00000000c0000000,0x00000000c06cc320,0x00000000c4300000)
 Metaspace       used 24469K, committed 24896K, reserved 1073152K
  class space    used 2389K, committed 2560K, reserved 1048576K
}

Deoptimization events (20 events):
Event: 1.708 Thread 0x0000018e20835a00 Uncommon trap: trap_request=0xffffffc6 fr.pc=0x0000018e129a385c relative=0x000000000000193c
Event: 1.708 Thread 0x0000018e20835a00 Uncommon trap: reason=bimorphic_or_optimized_type_check action=maybe_recompile pc=0x0000018e129a385c method=java.io.DataInputStream.readUnsignedShort()I @ 4 c2
Event: 1.708 Thread 0x0000018e20835a00 DEOPT PACKING pc=0x0000018e129a385c sp=0x000000248aef9820
Event: 1.708 Thread 0x0000018e20835a00 DEOPT UNPACKING pc=0x0000018e0ae720a3 sp=0x000000248aef9798 mode 2
Event: 1.710 Thread 0x0000018e20835a00 Uncommon trap: trap_request=0xffffffc6 fr.pc=0x0000018e129a385c relative=0x000000000000193c
Event: 1.710 Thread 0x0000018e20835a00 Uncommon trap: reason=bimorphic_or_optimized_type_check action=maybe_recompile pc=0x0000018e129a385c method=java.io.DataInputStream.readUnsignedShort()I @ 4 c2
Event: 1.710 Thread 0x0000018e20835a00 DEOPT PACKING pc=0x0000018e129a385c sp=0x000000248aef94e0
Event: 1.710 Thread 0x0000018e20835a00 DEOPT UNPACKING pc=0x0000018e0ae720a3 sp=0x000000248aef9458 mode 2
Event: 1.710 Thread 0x0000018e20835a00 Uncommon trap: trap_request=0xffffffc6 fr.pc=0x0000018e129a385c relative=0x000000000000193c
Event: 1.710 Thread 0x0000018e20835a00 Uncommon trap: reason=bimorphic_or_optimized_type_check action=maybe_recompile pc=0x0000018e129a385c method=java.io.DataInputStream.readUnsignedShort()I @ 4 c2
Event: 1.710 Thread 0x0000018e20835a00 DEOPT PACKING pc=0x0000018e129a385c sp=0x000000248aef9420
Event: 1.710 Thread 0x0000018e20835a00 DEOPT UNPACKING pc=0x0000018e0ae720a3 sp=0x000000248aef9398 mode 2
Event: 1.710 Thread 0x0000018e20835a00 Uncommon trap: trap_request=0xffffffc6 fr.pc=0x0000018e129a385c relative=0x000000000000193c
Event: 1.710 Thread 0x0000018e20835a00 Uncommon trap: reason=bimorphic_or_optimized_type_check action=maybe_recompile pc=0x0000018e129a385c method=java.io.DataInputStream.readUnsignedShort()I @ 4 c2
Event: 1.710 Thread 0x0000018e20835a00 DEOPT PACKING pc=0x0000018e129a385c sp=0x000000248aef9370
Event: 1.710 Thread 0x0000018e20835a00 DEOPT UNPACKING pc=0x0000018e0ae720a3 sp=0x000000248aef92e8 mode 2
Event: 1.741 Thread 0x0000018e20835a00 Uncommon trap: trap_request=0xffffff45 fr.pc=0x0000018e12979f40 relative=0x0000000000000040
Event: 1.741 Thread 0x0000018e20835a00 Uncommon trap: reason=unstable_if action=reinterpret pc=0x0000018e12979f40 method=sun.nio.fs.WindowsPathParser.isSlash(C)Z @ 9 c2
Event: 1.741 Thread 0x0000018e20835a00 DEOPT PACKING pc=0x0000018e12979f40 sp=0x000000248aef9200
Event: 1.741 Thread 0x0000018e20835a00 DEOPT UNPACKING pc=0x0000018e0ae720a3 sp=0x000000248aef9188 mode 2

Classes unloaded (7 events):
Event: 1.832 Thread 0x0000018e082549d0 Unloading class 0x0000000100210800 'java/lang/invoke/LambdaForm$MH+0x0000000100210800'
Event: 1.832 Thread 0x0000018e082549d0 Unloading class 0x0000000100210400 'java/lang/invoke/LambdaForm$MH+0x0000000100210400'
Event: 1.832 Thread 0x0000018e082549d0 Unloading class 0x0000000100210000 'java/lang/invoke/LambdaForm$MH+0x0000000100210000'
Event: 1.832 Thread 0x0000018e082549d0 Unloading class 0x000000010020fc00 'java/lang/invoke/LambdaForm$MH+0x000000010020fc00'
Event: 1.832 Thread 0x0000018e082549d0 Unloading class 0x000000010020f400 'java/lang/invoke/LambdaForm$BMH+0x000000010020f400'
Event: 1.832 Thread 0x0000018e082549d0 Unloading class 0x000000010020f000 'java/lang/invoke/LambdaForm$DMH+0x000000010020f000'
Event: 1.832 Thread 0x0000018e082549d0 Unloading class 0x000000010020c400 'java/lang/invoke/LambdaForm$DMH+0x000000010020c400'

Classes redefined (0 events):
No events

Internal exceptions (20 events):
Event: 1.052 Thread 0x0000018e081944d0 Exception <a 'java/lang/NoSuchMethodError'{0x00000000eb647fc0}: 'java.lang.Object java.lang.invoke.DirectMethodHandle$Holder.newInvokeSpecial(java.lang.Object, int, java.lang.Object)'> (0x00000000eb647fc0) 
thrown [s\src\hotspot\share\interpreter\linkResolver.cpp, line 759]
Event: 1.185 Thread 0x0000018e081944d0 Exception <a 'java/lang/UnsatisfiedLinkError'{0x00000000ebb747e8}: 'void org.eclipse.equinox.launcher.JNIBridge._update_splash()'> (0x00000000ebb747e8) 
thrown [s\src\hotspot\share\prims\nativeLookup.cpp, line 543]
Event: 1.223 Thread 0x0000018e20835a00 Exception <a 'java/lang/NoSuchMethodError'{0x00000000ebe0f328}: 'java.lang.Object java.lang.invoke.DirectMethodHandle$Holder.invokeStaticInit(java.lang.Object)'> (0x00000000ebe0f328) 
thrown [s\src\hotspot\share\interpreter\linkResolver.cpp, line 759]
Event: 1.436 Thread 0x0000018e20835a00 Exception <a 'java/io/FileNotFoundException'{0x00000000eb0e6fb8}> (0x00000000eb0e6fb8) 
thrown [s\src\hotspot\share\prims\jni.cpp, line 516]
Event: 1.443 Thread 0x0000018e20835a00 Exception <a 'java/lang/NullPointerException'{0x00000000eb138828}> (0x00000000eb138828) 
thrown [s\src\hotspot\share\interpreter\linkResolver.cpp, line 1350]
Event: 1.443 Thread 0x0000018e20835a00 Exception <a 'java/lang/NullPointerException'{0x00000000eb139050}> (0x00000000eb139050) 
thrown [s\src\hotspot\share\interpreter\linkResolver.cpp, line 1350]
Event: 1.556 Thread 0x0000018e20835a00 Exception <a 'java/lang/NoSuchMethodError'{0x00000000eb88cc20}: 'void java.lang.invoke.DirectMethodHandle$Holder.invokeInterface(java.lang.Object, java.lang.Object, java.lang.Object)'> (0x00000000eb88cc20) 
thrown [s\src\hotspot\share\interpreter\linkResolver.cpp, line 759]
Event: 1.588 Thread 0x0000018e20835a00 Exception <a 'java/lang/NoSuchMethodError'{0x00000000ebbb0410}: 'java.lang.Object java.lang.invoke.Invokers$Holder.invokeExact_MT(java.lang.Object, java.lang.Object, java.lang.Object, java.lang.Object, java.lang.Object, java.lang.Object)'> (0x00000000ebbb0410) 
thrown [s\src\hotspot\share\interpreter\linkResolver.cpp, line 759]
Event: 1.601 Thread 0x0000018e20835a00 Exception <a 'java/lang/NoSuchMethodError'{0x00000000ebc9abf8}: 'java.lang.Object java.lang.invoke.DirectMethodHandle$Holder.invokeStatic(java.lang.Object, java.lang.Object, int)'> (0x00000000ebc9abf8) 
thrown [s\src\hotspot\share\interpreter\linkResolver.cpp, line 759]
Event: 1.601 Thread 0x0000018e20835a00 Exception <a 'java/lang/NoSuchMethodError'{0x00000000ebc9f7a8}: 'void java.lang.invoke.DirectMethodHandle$Holder.invokeStatic(java.lang.Object, java.lang.Object, int, java.lang.Object)'> (0x00000000ebc9f7a8) 
thrown [s\src\hotspot\share\interpreter\linkResolver.cpp, line 759]
Event: 1.602 Thread 0x0000018e20835a00 Exception <a 'java/lang/NoSuchMethodError'{0x00000000ebca6ed8}: 'void java.lang.invoke.DelegatingMethodHandle$Holder.delegate(java.lang.Object, java.lang.Object, int, java.lang.Object)'> (0x00000000ebca6ed8) 
thrown [s\src\hotspot\share\interpreter\linkResolver.cpp, line 759]
Event: 1.602 Thread 0x0000018e20835a00 Exception <a 'java/lang/NoSuchMethodError'{0x00000000ebcab2c0}: 'int java.lang.invoke.DirectMethodHandle$Holder.invokeSpecial(java.lang.Object, java.lang.Object, java.lang.Object)'> (0x00000000ebcab2c0) 
thrown [s\src\hotspot\share\interpreter\linkResolver.cpp, line 759]
Event: 1.603 Thread 0x0000018e20835a00 Exception <a 'java/lang/NoSuchMethodError'{0x00000000ebcbc8d0}: 'int java.lang.invoke.DirectMethodHandle$Holder.invokeStatic(java.lang.Object, java.lang.Object, int)'> (0x00000000ebcbc8d0) 
thrown [s\src\hotspot\share\interpreter\linkResolver.cpp, line 759]
Event: 1.603 Thread 0x0000018e20835a00 Exception <a 'java/lang/NoSuchMethodError'{0x00000000ebcc08f8}: 'int java.lang.invoke.DirectMethodHandle$Holder.invokeSpecial(java.lang.Object, java.lang.Object, java.lang.Object, int)'> (0x00000000ebcc08f8) 
thrown [s\src\hotspot\share\interpreter\linkResolver.cpp, line 759]
Event: 1.604 Thread 0x0000018e20835a00 Exception <a 'java/lang/NoSuchMethodError'{0x00000000ebcdc608}: 'java.lang.Object java.lang.invoke.DirectMethodHandle$Holder.invokeStatic(java.lang.Object, java.lang.Object, java.lang.Object, java.lang.Object, int)'> (0x00000000ebcdc608) 
thrown [s\src\hotspot\share\interpreter\linkResolver.cpp, line 759]
Event: 1.605 Thread 0x0000018e20835a00 Exception <a 'java/lang/NoSuchMethodError'{0x00000000ebce89a8}: 'java.lang.Object java.lang.invoke.DelegatingMethodHandle$Holder.reinvoke_L(java.lang.Object, java.lang.Object, java.lang.Object, java.lang.Object, int, int)'> (0x00000000ebce89a8) 
thrown [s\src\hotspot\share\interpreter\linkResolver.cpp, line 759]
Event: 1.606 Thread 0x0000018e20835a00 Exception <a 'java/lang/NoSuchMethodError'{0x00000000ebd00680}: 'java.lang.Object java.lang.invoke.Invokers$Holder.invokeExact_MT(java.lang.Object, java.lang.Object, java.lang.Object, java.lang.Object)'> (0x00000000ebd00680) 
thrown [s\src\hotspot\share\interpreter\linkResolver.cpp, line 759]
Event: 1.776 Thread 0x0000018e20835a00 Exception <a 'java/lang/NoSuchMethodError'{0x00000000eac4d7c0}: 'int java.lang.invoke.DirectMethodHandle$Holder.invokeStaticInit(java.lang.Object, java.lang.Object, java.lang.Object)'> (0x00000000eac4d7c0) 
thrown [s\src\hotspot\share\interpreter\linkResolver.cpp, line 759]
Event: 1.783 Thread 0x0000018e20835a00 Exception <a 'java/lang/IncompatibleClassChangeError'{0x00000000eacd46b8}: Found class java.lang.Object, but interface was expected> (0x00000000eacd46b8) 
thrown [s\src\hotspot\share\interpreter\linkResolver.cpp, line 826]
Event: 1.817 Thread 0x0000018e209fdff0 Exception <a 'java/io/FileNotFoundException'{0x00000000eac70618}> (0x00000000eac70618) 
thrown [s\src\hotspot\share\prims\jni.cpp, line 516]

VM Operations (20 events):
Event: 1.245 Executing VM operation: ICBufferFull
Event: 1.245 Executing VM operation: ICBufferFull done
Event: 1.353 Executing VM operation: ParallelGCFailedAllocation
Event: 1.357 Executing VM operation: ParallelGCFailedAllocation done
Event: 1.500 Executing VM operation: HandshakeAllThreads
Event: 1.500 Executing VM operation: HandshakeAllThreads done
Event: 1.538 Executing VM operation: HandshakeAllThreads
Event: 1.539 Executing VM operation: HandshakeAllThreads done
Event: 1.541 Executing VM operation: HandshakeAllThreads
Event: 1.541 Executing VM operation: HandshakeAllThreads done
Event: 1.601 Executing VM operation: HandshakeAllThreads
Event: 1.601 Executing VM operation: HandshakeAllThreads done
Event: 1.752 Executing VM operation: ParallelGCFailedAllocation
Event: 1.756 Executing VM operation: ParallelGCFailedAllocation done
Event: 1.801 Executing VM operation: HandshakeAllThreads
Event: 1.801 Executing VM operation: HandshakeAllThreads done
Event: 1.826 Executing VM operation: CollectForMetadataAllocation
Event: 1.843 Executing VM operation: CollectForMetadataAllocation done
Event: 2.056 Executing VM operation: ParallelGCFailedAllocation
Event: 2.057 Executing VM operation: ParallelGCFailedAllocation done

Events (20 events):
Event: 1.857 loading class java/util/zip/DeflaterOutputStream done
Event: 1.857 loading class java/util/zip/GZIPOutputStream done
Event: 1.857 loading class java/io/StringReader
Event: 1.857 loading class java/io/StringReader done
Event: 1.868 loading class java/util/zip/GZIPInputStream
Event: 1.868 loading class java/util/zip/GZIPInputStream done
Event: 1.870 loading class java/net/SocketTimeoutException
Event: 1.870 loading class java/io/InterruptedIOException
Event: 1.871 loading class java/io/InterruptedIOException done
Event: 1.871 loading class java/net/SocketTimeoutException done
Event: 1.871 loading class java/net/SocketException
Event: 1.871 loading class java/net/SocketException done
Event: 1.871 loading class java/net/UnknownHostException
Event: 1.871 loading class java/net/UnknownHostException done
Event: 1.871 loading class java/net/ProtocolException
Event: 1.871 loading class java/net/ProtocolException done
Event: 1.893 loading class java/lang/NegativeArraySizeException
Event: 1.893 loading class java/lang/NegativeArraySizeException done
Event: 1.893 loading class java/io/FileWriter
Event: 1.893 loading class java/io/FileWriter done


Dynamic libraries:
0x00007ff605670000 - 0x00007ff60567e000 	c:\Users\U-ser\.kiro\extensions\redhat.java-1.12.0-win32-x64\jre\17.0.4.1-win32-x86_64\bin\java.exe
0x00007fffd5b80000 - 0x00007fffd5de7000 	C:\WINDOWS\SYSTEM32\ntdll.dll
0x00007fffd57c0000 - 0x00007fffd5889000 	C:\WINDOWS\System32\KERNEL32.DLL
0x00007fffd2960000 - 0x00007fffd2d51000 	C:\WINDOWS\System32\KERNELBASE.dll
0x00007fffd3740000 - 0x00007fffd388b000 	C:\WINDOWS\System32\ucrtbase.dll
0x00007fffa7740000 - 0x00007fffa7759000 	c:\Users\U-ser\.kiro\extensions\redhat.java-1.12.0-win32-x64\jre\17.0.4.1-win32-x86_64\bin\VCRUNTIME140.dll
0x00007fff9ed70000 - 0x00007fff9ed88000 	c:\Users\U-ser\.kiro\extensions\redhat.java-1.12.0-win32-x64\jre\17.0.4.1-win32-x86_64\bin\jli.dll
0x00007fffd51b0000 - 0x00007fffd5375000 	C:\WINDOWS\System32\USER32.dll
0x00007fffb8290000 - 0x00007fffb8523000 	C:\WINDOWS\WinSxS\amd64_microsoft.windows.common-controls_6595b64144ccf1df_6.0.26100.8037_none_3e092faae333b53b\COMCTL32.dll
0x00007fffd2800000 - 0x00007fffd2827000 	C:\WINDOWS\System32\win32u.dll
0x00007fffd58b0000 - 0x00007fffd5959000 	C:\WINDOWS\System32\msvcrt.dll
0x00007fffd3e70000 - 0x00007fffd3e9b000 	C:\WINDOWS\System32\GDI32.dll
0x00007fffd2830000 - 0x00007fffd295b000 	C:\WINDOWS\System32\gdi32full.dll
0x00007fffd2e20000 - 0x00007fffd2ec3000 	C:\WINDOWS\System32\msvcp_win.dll
0x00007fffd3fa0000 - 0x00007fffd3fd1000 	C:\WINDOWS\System32\IMM32.DLL
0x00007fffa7890000 - 0x00007fffa789c000 	c:\Users\U-ser\.kiro\extensions\redhat.java-1.12.0-win32-x64\jre\17.0.4.1-win32-x86_64\bin\vcruntime140_1.dll
0x00007fff5c0a0000 - 0x00007fff5c131000 	c:\Users\U-ser\.kiro\extensions\redhat.java-1.12.0-win32-x64\jre\17.0.4.1-win32-x86_64\bin\msvcp140.dll
0x00007fff10040000 - 0x00007fff10c86000 	c:\Users\U-ser\.kiro\extensions\redhat.java-1.12.0-win32-x64\jre\17.0.4.1-win32-x86_64\bin\server\jvm.dll
0x00007fffd5390000 - 0x00007fffd544b000 	C:\WINDOWS\System32\ADVAPI32.dll
0x00007fffd3930000 - 0x00007fffd39d7000 	C:\WINDOWS\System32\sechost.dll
0x00007fffd47e0000 - 0x00007fffd48f8000 	C:\WINDOWS\System32\RPCRT4.dll
0x00007fffd4ea0000 - 0x00007fffd4ea8000 	C:\WINDOWS\System32\PSAPI.DLL
0x00007fffbe930000 - 0x00007fffbe93a000 	C:\WINDOWS\SYSTEM32\WSOCK32.dll
0x00007fffc7930000 - 0x00007fffc7965000 	C:\WINDOWS\SYSTEM32\WINMM.dll
0x00007fffd4dd0000 - 0x00007fffd4e44000 	C:\WINDOWS\System32\WS2_32.dll
0x00007fffc05c0000 - 0x00007fffc05cb000 	C:\WINDOWS\SYSTEM32\VERSION.dll
0x00007fffd11f0000 - 0x00007fffd120b000 	C:\WINDOWS\SYSTEM32\kernel.appcore.dll
0x00007fffa1670000 - 0x00007fffa167a000 	c:\Users\U-ser\.kiro\extensions\redhat.java-1.12.0-win32-x64\jre\17.0.4.1-win32-x86_64\bin\jimage.dll
0x00007fffd03b0000 - 0x00007fffd05f2000 	C:\WINDOWS\SYSTEM32\DBGHELP.DLL
0x00007fffd4980000 - 0x00007fffd4d02000 	C:\WINDOWS\System32\combase.dll
0x00007fffd4eb0000 - 0x00007fffd4f87000 	C:\WINDOWS\System32\OLEAUT32.dll
0x00007fffb2e40000 - 0x00007fffb2e7b000 	C:\WINDOWS\SYSTEM32\dbgcore.DLL
0x00007fffd25e0000 - 0x00007fffd2685000 	C:\WINDOWS\System32\bcryptPrimitives.dll
0x00007fffa1630000 - 0x00007fffa163e000 	c:\Users\U-ser\.kiro\extensions\redhat.java-1.12.0-win32-x64\jre\17.0.4.1-win32-x86_64\bin\instrument.dll
0x00007fff93ca0000 - 0x00007fff93cc5000 	c:\Users\U-ser\.kiro\extensions\redhat.java-1.12.0-win32-x64\jre\17.0.4.1-win32-x86_64\bin\java.dll
0x00007fff97640000 - 0x00007fff97658000 	c:\Users\U-ser\.kiro\extensions\redhat.java-1.12.0-win32-x64\jre\17.0.4.1-win32-x86_64\bin\zip.dll
0x00007fffd4070000 - 0x00007fffd47cf000 	C:\WINDOWS\System32\SHELL32.dll
0x00007fffd2690000 - 0x00007fffd27fa000 	C:\WINDOWS\System32\wintypes.dll
0x00007fffd2ed0000 - 0x00007fffd3734000 	C:\WINDOWS\System32\windows.storage.dll
0x00007fffd3ea0000 - 0x00007fffd3f97000 	C:\WINDOWS\System32\SHCORE.dll
0x00007fffd5450000 - 0x00007fffd54b7000 	C:\WINDOWS\System32\shlwapi.dll
0x00007fffd2380000 - 0x00007fffd23a9000 	C:\WINDOWS\SYSTEM32\profapi.dll
0x00007fff975e0000 - 0x00007fff975f9000 	C:\Users\U-ser\.kiro\extensions\redhat.java-1.12.0-win32-x64\jre\17.0.4.1-win32-x86_64\bin\net.dll
0x00007fffc98b0000 - 0x00007fffc99d7000 	C:\WINDOWS\SYSTEM32\WINHTTP.dll
0x00007fffd1760000 - 0x00007fffd17cb000 	C:\WINDOWS\system32\mswsock.dll
0x00007fff96e30000 - 0x00007fff96e45000 	C:\Users\U-ser\.kiro\extensions\redhat.java-1.12.0-win32-x64\jre\17.0.4.1-win32-x86_64\bin\nio.dll
0x00007fff9ed20000 - 0x00007fff9ed30000 	c:\Users\U-ser\.kiro\extensions\redhat.java-1.12.0-win32-x64\jre\17.0.4.1-win32-x86_64\bin\verify.dll
0x00007fff747d0000 - 0x00007fff7480e000 	C:\Users\U-ser\AppData\Roaming\Kiro\User\globalStorage\redhat.java\1.12.0\config_ss_win\org.eclipse.equinox.launcher\org.eclipse.equinox.launcher.win32.win32.x86_64_1.2.600.v20220720-1916\eclipse_11700.dll
0x00007fffd54c0000 - 0x00007fffd5655000 	C:\WINDOWS\System32\ole32.dll

dbghelp: loaded successfully - version: 4.0.5 - missing functions: none
symbol engine: initialized successfully - sym options: 0x614 - pdb path: .;c:\Users\U-ser\.kiro\extensions\redhat.java-1.12.0-win32-x64\jre\17.0.4.1-win32-x86_64\bin;C:\WINDOWS\SYSTEM32;C:\WINDOWS\WinSxS\amd64_microsoft.windows.common-controls_6595b64144ccf1df_6.0.26100.8037_none_3e092faae333b53b;c:\Users\U-ser\.kiro\extensions\redhat.java-1.12.0-win32-x64\jre\17.0.4.1-win32-x86_64\bin\server;C:\Users\U-ser\AppData\Roaming\Kiro\User\globalStorage\redhat.java\1.12.0\config_ss_win\org.eclipse.equinox.launcher\org.eclipse.equinox.launcher.win32.win32.x86_64_1.2.600.v20220720-1916

VM Arguments:
jvm_args: --add-modules=ALL-SYSTEM --add-opens=java.base/java.util=ALL-UNNAMED --add-opens=java.base/java.lang=ALL-UNNAMED --add-opens=java.base/sun.nio.fs=ALL-UNNAMED -Declipse.application=org.eclipse.jdt.ls.core.id1 -Dosgi.bundles.defaultStartLevel=4 -Declipse.product=org.eclipse.jdt.ls.core.product -Djava.import.generatesMetadataFilesAtProjectRoot=false -Dfile.encoding=utf8 -XX:+UseParallelGC -XX:GCTimeRatio=4 -XX:AdaptiveSizePolicyWeight=90 -Dsun.zip.disableMemoryMapping=true -Xmx1G -Xms100m -Xlog:disable -javaagent:c:\Users\U-ser\.kiro\extensions\redhat.java-1.12.0-win32-x64\lombok\lombok-1.18.24.jar 
java_command: c:\Users\U-ser\.kiro\extensions\redhat.java-1.12.0-win32-x64\server\plugins\org.eclipse.equinox.launcher_1.6.400.v20210924-0641.jar -configuration c:\Users\U-ser\AppData\Roaming\Kiro\User\globalStorage\redhat.java\1.12.0\config_ss_win -data c:\Users\U-ser\AppData\Roaming\Kiro\User\workspaceStorage\353eb41b83a62a7905521e95c5419d63\redhat.java\ss_ws
java_class_path (initial): c:\Users\U-ser\.kiro\extensions\redhat.java-1.12.0-win32-x64\server\plugins\org.eclipse.equinox.launcher_1.6.400.v20210924-0641.jar
Launcher Type: SUN_STANDARD

[Global flags]
    uintx AdaptiveSizePolicyWeight                 = 90                                        {product} {command line}
     intx CICompilerCount                          = 4                                         {product} {ergonomic}
    uintx GCTimeRatio                              = 4                                         {product} {command line}
   size_t InitialHeapSize                          = 104857600                                 {product} {command line}
   size_t MaxHeapSize                              = 1073741824                                {product} {command line}
   size_t MaxNewSize                               = 357564416                                 {product} {ergonomic}
   size_t MinHeapDeltaBytes                        = 524288                                    {product} {ergonomic}
   size_t MinHeapSize                              = 104857600                                 {product} {command line}
   size_t NewSize                                  = 34603008                                  {product} {ergonomic}
    uintx NonNMethodCodeHeapSize                   = 5839372                                {pd product} {ergonomic}
    uintx NonProfiledCodeHeapSize                  = 122909434                              {pd product} {ergonomic}
   size_t OldSize                                  = 70254592                                  {product} {ergonomic}
    uintx ProfiledCodeHeapSize                     = 122909434                              {pd product} {ergonomic}
    uintx ReservedCodeCacheSize                    = 251658240                              {pd product} {ergonomic}
     bool SegmentedCodeCache                       = true                                      {product} {ergonomic}
   size_t SoftMaxHeapSize                          = 1073741824                             {manageable} {ergonomic}
     bool UseCompressedClassPointers               = true                           {product lp64_product} {ergonomic}
     bool UseCompressedOops                        = true                           {product lp64_product} {ergonomic}
     bool UseLargePagesIndividualAllocation        = false                                  {pd product} {ergonomic}
     bool UseParallelGC                            = true                                      {product} {command line}

Logging:
Log output configuration:
 #0: stdout all=off uptime,level,tags
 #1: stderr all=off uptime,level,tags

Environment Variables:
JAVA_HOME=C:\Program Files\OpenJDK\jdk-25
PATH=C:\Program Files\Eclipse Adoptium\jdk-25.0.1.8-hotspot\bin;C:\Program Files\Common Files\Oracle\Java\javapath;C:\Program Files (x86)\Common Files\Oracle\Java\java8path;C:\Program Files (x86)\Common Files\Oracle\Java\javapath;C:\WINDOWS\system32;C:\WINDOWS;C:\WINDOWS\System32\Wbem;C:\WINDOWS\System32\WindowsPowerShell\v1.0\;C:\WINDOWS\System32\OpenSSH\;C:\Program Files (x86)\QuickTime\QTSystem\;C:\Program Files\Git\cmd;C:\Program Files\nodejs\;C:\Program Files\MySQL\MySQL Server 8.0\bin;C:\Program Files\dotnet\;C:\ProgramData\chocolatey\bin;C:\Program Files\OpenJDK\jdk-25\bin;C:\Program Files (x86)\dotnet\;C:\Program Files\apache-maven-3.9.12\bin;;C:\Program Files\GnuPG\bin;C:\xampp\php;C:\ProgramData\ComposerSetup\bin;C:\Users\U-ser\AppData\Local\Programs\Python\Python313\Scripts\;C:\Users\U-ser\AppData\Local\Programs\Python\Python313\;C:\Users\U-ser\AppData\Local\Programs\Python\Launcher\;C:\Users\U-ser\AppData\Local\Microsoft\WindowsApps;C:\Users\U-ser\AppData\Local\Programs\Microsoft VS Code\bin;C:\msys64\mingw64\bin;C:\Users\U-ser\AppData\Roaming\npm;C:\Program Files\MySQL\MySQL Server 8.0\bin;C:\Users\U-ser\AppData\Roaming\Composer\vendor\bin;C:\Users\U-ser\AppData\Local\Programs\Kiro\bin;C:\Users\U-ser\AppData\Local\Programs\cursor\resources\app\bin;C:\Users\U-ser\AppData\Local\Programs\Antigravity\bin
USERNAME=U-ser
OS=Windows_NT
PROCESSOR_IDENTIFIER=Intel64 Family 6 Model 186 Stepping 2, GenuineIntel
TMP=C:\Users\U-ser\AppData\Local\Temp
TEMP=C:\Users\U-ser\AppData\Local\Temp



---------------  S Y S T E M  ---------------

OS:
 Windows 11 , 64 bit Build 26100 (10.0.26100.7920)
OS uptime: 2 days 16:54 hours
Hyper-V role detected

CPU: total 12 (initial active 12) (6 cores per cpu, 2 threads per core) family 6 model 186 stepping 2 microcode 0x4122, cx8, cmov, fxsr, ht, mmx, 3dnowpref, sse, sse2, sse3, ssse3, sse4.1, sse4.2, popcnt, lzcnt, tsc, tscinvbit, avx, avx2, aes, erms, clmul, bmi1, bmi2, adx, sha, fma, vzeroupper, clflush, clflushopt, clwb, hv

Memory: 4k page, system-wide physical 16009M (1145M free)
TotalPageFile size 30227M (AvailPageFile size 9M)
current process WorkingSet (physical memory assigned to process): 122M, peak: 122M
current process commit charge ("private bytes"): 234M, peak: 234M

vm_info: OpenJDK 64-Bit Server VM (17.0.4.1+1) for windows-amd64 JRE (17.0.4.1+1), built on Aug 17 2022 07:42:43 by "temurin" with MS VC++ 16.7 (VS2019)

END.
