#
# There is insufficient memory for the Java Runtime Environment to continue.
# Native memory allocation (malloc) failed to allocate 379536 bytes for Chunk::new
# Possible reasons:
#   The system is out of physical RAM or swap space
#   The process is running with CompressedOops enabled, and the Java Heap may be blocking the growth of the native heap
# Possible solutions:
#   Reduce memory load on the system
#   Increase physical memory or swap space
#   Check if swap backing store is full
#   Decrease Java heap size (-Xmx/-Xms)
#   Decrease number of Java threads
#   Decrease Java thread stack sizes (-Xss)
#   Set larger code cache with -XX:ReservedCodeCacheSize=
#   JVM is running with Unscaled Compressed Oops mode in which the Java heap is
#     placed in the first 4GB address space. The Java Heap base address is the
#     maximum limit for the native heap growth. Please use -XX:HeapBaseMinAddress
#     to set the Java Heap base and to place the Java Heap above 4GB virtual address.
# This output file may be truncated or incomplete.
#
#  Out of Memory Error (arena.cpp:189), pid=29368, tid=12392
#
# JRE version: OpenJDK Runtime Environment Temurin-17.0.4.1+1 (17.0.4.1+1) (build 17.0.4.1+1)
# Java VM: OpenJDK 64-Bit Server VM Temurin-17.0.4.1+1 (17.0.4.1+1, mixed mode, tiered, compressed oops, compressed class ptrs, parallel gc, windows-amd64)
# No core dump will be written. Minidumps are not enabled by default on client versions of Windows
#

---------------  S U M M A R Y ------------

Command Line: --add-modules=ALL-SYSTEM --add-opens=java.base/java.util=ALL-UNNAMED --add-opens=java.base/java.lang=ALL-UNNAMED --add-opens=java.base/sun.nio.fs=ALL-UNNAMED -Declipse.application=org.eclipse.jdt.ls.core.id1 -Dosgi.bundles.defaultStartLevel=4 -Declipse.product=org.eclipse.jdt.ls.core.product -Djava.import.generatesMetadataFilesAtProjectRoot=false -Dfile.encoding=utf8 -XX:+UseParallelGC -XX:GCTimeRatio=4 -XX:AdaptiveSizePolicyWeight=90 -Dsun.zip.disableMemoryMapping=true -Xmx1G -Xms100m -Xlog:disable -javaagent:c:\Users\U-ser\.kiro\extensions\redhat.java-1.12.0-win32-x64\lombok\lombok-1.18.24.jar -XX:+HeapDumpOnOutOfMemoryError -XX:HeapDumpPath=c:\Users\U-ser\AppData\Roaming\Kiro\User\workspaceStorage\353eb41b83a62a7905521e95c5419d63\redhat.java c:\Users\U-ser\.kiro\extensions\redhat.java-1.12.0-win32-x64\server\plugins\org.eclipse.equinox.launcher_1.6.400.v20210924-0641.jar -configuration c:\Users\U-ser\AppData\Roaming\Kiro\User\globalStorage\redhat.java\1.12.0\config_win -data c:\Users\U-ser\AppData\Roaming\Kiro\User\workspaceStorage\353eb41b83a62a7905521e95c5419d63\redhat.java\jdt_ws

Host: 13th Gen Intel(R) Core(TM) i5-13420H, 12 cores, 15G,  Windows 11 , 64 bit Build 26100 (10.0.26100.7920)
Time: Thu Mar 26 02:20:38 2026 SE Asia Standard Time elapsed time: 2.011023 seconds (0d 0h 0m 2s)

---------------  T H R E A D  ---------------

Current thread (0x0000028371796da0):  JavaThread "C2 CompilerThread0" daemon [_thread_in_native, id=12392, stack(0x000000ae87100000,0x000000ae87200000)]


Current CompileTask:
C2:   2011 2409       4       java.lang.String::<init> (830 bytes)

Stack: [0x000000ae87100000,0x000000ae87200000]
Native frames: (J=compiled Java code, j=interpreted, Vv=VM code, C=native code)
V  [jvm.dll+0x67731a]
V  [jvm.dll+0x832284]
V  [jvm.dll+0x833a2e]
V  [jvm.dll+0x834093]
V  [jvm.dll+0x245775]
V  [jvm.dll+0xabd7b]
V  [jvm.dll+0xac30c]
V  [jvm.dll+0x363a42]
V  [jvm.dll+0x32e011]
V  [jvm.dll+0x32d4ba]
V  [jvm.dll+0x218681]
V  [jvm.dll+0x217aa1]
V  [jvm.dll+0x1a3f8d]
V  [jvm.dll+0x227498]
V  [jvm.dll+0x2255e5]
V  [jvm.dll+0x7e7e9b]
V  [jvm.dll+0x7e240a]
V  [jvm.dll+0x6761a5]
C  [ucrtbase.dll+0x37b0]
C  [KERNEL32.DLL+0x2e8d7]
C  [ntdll.dll+0x8c48c]


---------------  P R O C E S S  ---------------

Threads class SMR info:
_java_thread_list=0x00000283746db130, length=21, elements={
0x000002835bde21c0, 0x000002836fc57d00, 0x000002836fc6a310, 0x000002837178a7c0,
0x000002837178b080, 0x0000028371795c20, 0x00000283717964e0, 0x0000028371796da0,
0x00000283717c4180, 0x00000283717d5630, 0x0000028371862bf0, 0x00000283719987f0,
0x0000028371aabf10, 0x00000283744be070, 0x00000283743ac7a0, 0x00000283745a00e0,
0x0000028374739b00, 0x00000283744b6c80, 0x0000028374739140, 0x000002837474b010,
0x00000283730c96c0
}

Java Threads: ( => current thread )
  0x000002835bde21c0 JavaThread "main" [_thread_blocked, id=28380, stack(0x000000ae86800000,0x000000ae86900000)]
  0x000002836fc57d00 JavaThread "Reference Handler" daemon [_thread_blocked, id=25680, stack(0x000000ae86b00000,0x000000ae86c00000)]
  0x000002836fc6a310 JavaThread "Finalizer" daemon [_thread_blocked, id=27112, stack(0x000000ae86c00000,0x000000ae86d00000)]
  0x000002837178a7c0 JavaThread "Signal Dispatcher" daemon [_thread_blocked, id=24376, stack(0x000000ae86d00000,0x000000ae86e00000)]
  0x000002837178b080 JavaThread "Attach Listener" daemon [_thread_blocked, id=29440, stack(0x000000ae86e00000,0x000000ae86f00000)]
  0x0000028371795c20 JavaThread "Service Thread" daemon [_thread_blocked, id=10532, stack(0x000000ae86f00000,0x000000ae87000000)]
  0x00000283717964e0 JavaThread "Monitor Deflation Thread" daemon [_thread_blocked, id=18888, stack(0x000000ae87000000,0x000000ae87100000)]
=>0x0000028371796da0 JavaThread "C2 CompilerThread0" daemon [_thread_in_native, id=12392, stack(0x000000ae87100000,0x000000ae87200000)]
  0x00000283717c4180 JavaThread "C1 CompilerThread0" daemon [_thread_blocked, id=29032, stack(0x000000ae87200000,0x000000ae87300000)]
  0x00000283717d5630 JavaThread "Sweeper thread" daemon [_thread_blocked, id=30684, stack(0x000000ae87300000,0x000000ae87400000)]
  0x0000028371862bf0 JavaThread "Common-Cleaner" daemon [_thread_blocked, id=35476, stack(0x000000ae87400000,0x000000ae87500000)]
  0x00000283719987f0 JavaThread "C2 CompilerThread1" daemon [_thread_in_native, id=24940, stack(0x000000ae87500000,0x000000ae87600000)]
  0x0000028371aabf10 JavaThread "Notification Thread" daemon [_thread_blocked, id=16948, stack(0x000000ae87600000,0x000000ae87700000)]
  0x00000283744be070 JavaThread "Active Thread: Equinox Container: 3adfba71-ef63-427f-8082-ebe2ea588761" [_thread_blocked, id=31868, stack(0x000000ae87e00000,0x000000ae87f00000)]
  0x00000283743ac7a0 JavaThread "Framework Event Dispatcher: Equinox Container: 3adfba71-ef63-427f-8082-ebe2ea588761" daemon [_thread_blocked, id=2016, stack(0x000000ae87800000,0x000000ae87900000)]
  0x00000283745a00e0 JavaThread "Start Level: Equinox Container: 3adfba71-ef63-427f-8082-ebe2ea588761" daemon [_thread_in_Java, id=1836, stack(0x000000ae87f00000,0x000000ae88000000)]
  0x0000028374739b00 JavaThread "SCR Component Actor" daemon [_thread_blocked, id=19512, stack(0x000000ae88000000,0x000000ae88100000)]
  0x00000283744b6c80 JavaThread "SCR Component Registry" daemon [_thread_blocked, id=25368, stack(0x000000ae88300000,0x000000ae88400000)]
  0x0000028374739140 JavaThread "Worker-JM" [_thread_blocked, id=34944, stack(0x000000ae88400000,0x000000ae88500000)]
  0x000002837474b010 JavaThread "Worker-0: Checking project encoding" [_thread_blocked, id=23584, stack(0x000000ae88700000,0x000000ae88800000)]
  0x00000283730c96c0 JavaThread "Worker-1" [_thread_blocked, id=18416, stack(0x000000ae88800000,0x000000ae88900000)]

Other Threads:
  0x000002836fb0ff70 VMThread "VM Thread" [stack: 0x000000ae86a00000,0x000000ae86b00000] [id=5744]
  0x0000028371ac2810 WatcherThread [stack: 0x000000ae87700000,0x000000ae87800000] [id=33008]
  0x000002835bdf90d0 GCTaskThread "GC Thread#0" [stack: 0x000000ae86900000,0x000000ae86a00000] [id=15864]
  0x000002837340f030 GCTaskThread "GC Thread#1" [stack: 0x000000ae87900000,0x000000ae87a00000] [id=26212]
  0x00000283733a1450 GCTaskThread "GC Thread#2" [stack: 0x000000ae87a00000,0x000000ae87b00000] [id=34652]
  0x0000028372e52eb0 GCTaskThread "GC Thread#3" [stack: 0x000000ae87b00000,0x000000ae87c00000] [id=30560]
  0x0000028374107b40 GCTaskThread "GC Thread#4" [stack: 0x000000ae87c00000,0x000000ae87d00000] [id=29168]
  0x0000028372e6ef70 GCTaskThread "GC Thread#5" [stack: 0x000000ae87d00000,0x000000ae87e00000] [id=19616]
  0x0000028373349510 GCTaskThread "GC Thread#6" [stack: 0x000000ae88100000,0x000000ae88200000] [id=32232]
  0x00000283743cb8c0 GCTaskThread "GC Thread#7" [stack: 0x000000ae88200000,0x000000ae88300000] [id=31080]
  0x0000028374632ef0 GCTaskThread "GC Thread#8" [stack: 0x000000ae88500000,0x000000ae88600000] [id=10700]
  0x00000283745f7e80 GCTaskThread "GC Thread#9" [stack: 0x000000ae88600000,0x000000ae88700000] [id=11748]

Threads with active compile tasks:
C2 CompilerThread0     2029 2409       4       java.lang.String::<init> (830 bytes)

VM state: not at safepoint (normal execution)

VM Mutex/Monitor currently owned by a thread: None

Heap address: 0x00000000c0000000, size: 1024 MB, Compressed Oops mode: 32-bit

CDS archive(s) not mapped
Compressed class space mapped at: 0x0000000100000000-0x0000000140000000, reserved size: 1073741824
Narrow klass base: 0x0000000000000000, Narrow klass shift: 3, Narrow klass range: 0x140000000

GC Precious Log:
 CPUs: 12 total, 12 available
 Memory: 16009M
 Large Page Support: Disabled
 NUMA Support: Disabled
 Compressed Oops: Enabled (32-bit)
 Alignments: Space 512K, Generation 512K, Heap 2M
 Heap Min Capacity: 100M
 Heap Initial Capacity: 100M
 Heap Max Capacity: 1G
 Pre-touch: Disabled
 Parallel Workers: 10

Heap:
 PSYoungGen      total 29696K, used 7559K [0x00000000eab00000, 0x00000000ecc00000, 0x0000000100000000)
  eden space 25600K, 29% used [0x00000000eab00000,0x00000000eb261fd0,0x00000000ec400000)
  from space 4096K, 0% used [0x00000000ec800000,0x00000000ec800000,0x00000000ecc00000)
  to   space 4096K, 0% used [0x00000000ec400000,0x00000000ec400000,0x00000000ec800000)
 ParOldGen       total 68608K, used 8014K [0x00000000c0000000, 0x00000000c4300000, 0x00000000eab00000)
  object space 68608K, 11% used [0x00000000c0000000,0x00000000c07d3ac0,0x00000000c4300000)
 Metaspace       used 21917K, committed 22400K, reserved 1073152K
  class space    used 2243K, committed 2432K, reserved 1048576K

Card table byte_map: [0x000002835b790000,0x000002835b9a0000] _byte_map_base: 0x000002835b190000

Marking Bits: (ParMarkBitMap*) 0x00007fff10bc2cc0
 Begin Bits: [0x000002836da70000, 0x000002836ea70000)
 End Bits:   [0x000002836ea70000, 0x000002836fa70000)

Polling page: 0x0000028359fd0000

Metaspace:

Usage:
  Non-class:     19.21 MB used.
      Class:      2.19 MB used.
       Both:     21.40 MB used.

Virtual space:
  Non-class space:       24.00 MB reserved,      19.50 MB ( 81%) committed,  3 nodes.
      Class space:        1.00 GB reserved,       2.38 MB ( <1%) committed,  1 nodes.
             Both:        1.02 GB reserved,      21.88 MB (  2%) committed. 

Chunk freelists:
   Non-Class:  48.00 KB
       Class:  1.45 MB
        Both:  1.49 MB

MaxMetaspaceSize: unlimited
CompressedClassSpaceSize: 1.00 GB
Initial GC threshold: 21.00 MB
Current GC threshold: 35.00 MB
CDS: off
MetaspaceReclaimPolicy: balanced
 - commit_granule_bytes: 65536.
 - commit_granule_words: 8192.
 - virtual_space_node_default_size: 1048576.
 - enlarge_chunks_in_place: 1.
 - new_chunks_are_fully_committed: 0.
 - uncommit_free_chunks: 1.
 - use_allocation_guard: 0.
 - handle_deallocations: 1.


Internal statistics:

num_allocs_failed_limit: 3.
num_arena_births: 178.
num_arena_deaths: 14.
num_vsnodes_births: 4.
num_vsnodes_deaths: 0.
num_space_committed: 350.
num_space_uncommitted: 0.
num_chunks_returned_to_freelist: 17.
num_chunks_taken_from_freelist: 707.
num_chunk_merges: 7.
num_chunk_splits: 464.
num_chunks_enlarged: 330.
num_purges: 2.
num_inconsistent_stats: 0.

CodeHeap 'non-profiled nmethods': size=120000Kb used=949Kb max_used=949Kb free=119051Kb
 bounds [0x0000028366540000, 0x00000283667b0000, 0x000002836da70000]
CodeHeap 'profiled nmethods': size=120000Kb used=4787Kb max_used=4787Kb free=115213Kb
 bounds [0x000002835f010000, 0x000002835f4c0000, 0x0000028366540000]
CodeHeap 'non-nmethods': size=5760Kb used=1189Kb max_used=1213Kb free=4570Kb
 bounds [0x000002835ea70000, 0x000002835ece0000, 0x000002835f010000]
 total_blobs=2914 nmethods=2422 adapters=406
 compilation: enabled
              stopped_count=0, restarted_count=0
 full_count=0

Compilation events (20 events):
Event: 1.991 Thread 0x00000283717c4180 2411       3       sun.nio.fs.WindowsFileAttributes::lastModifiedTime (8 bytes)
Event: 1.991 Thread 0x00000283717c4180 nmethod 2411 0x000002835f4b8a10 code [0x000002835f4b8ba0, 0x000002835f4b8ce8]
Event: 1.991 Thread 0x00000283717c4180 2412   !   3       sun.nio.fs.WindowsFileAttributes::toFileTime (47 bytes)
Event: 1.991 Thread 0x00000283717c4180 nmethod 2412 0x000002835f4b8d90 code [0x000002835f4b8f80, 0x000002835f4b9228]
Event: 1.991 Thread 0x00000283717c4180 2413       3       java.lang.Math::multiplyExact (74 bytes)
Event: 1.991 Thread 0x00000283717c4180 nmethod 2413 0x000002835f4b9390 code [0x000002835f4b9560, 0x000002835f4b9a88]
Event: 1.997 Thread 0x00000283717c4180 2414       1       org.eclipse.osgi.internal.hookregistry.ClassLoaderHook::addClassPathEntry (2 bytes)
Event: 1.997 Thread 0x00000283717c4180 nmethod 2414 0x000002836662b990 code [0x000002836662bb20, 0x000002836662bbf8]
Event: 1.997 Thread 0x00000283717c4180 2416       3       java.io.File::toURL (40 bytes)
Event: 1.998 Thread 0x00000283717c4180 nmethod 2416 0x000002835f4b9c10 code [0x000002835f4b9e60, 0x000002835f4ba6d8]
Event: 1.998 Thread 0x00000283717c4180 2417       3       java.nio.file.attribute.FileTime::toMillis (98 bytes)
Event: 1.998 Thread 0x00000283717c4180 nmethod 2417 0x000002835f4baa10 code [0x000002835f4bac00, 0x000002835f4bb0c8]
Event: 1.998 Thread 0x00000283717c4180 2415       1       org.eclipse.osgi.storage.bundlefile.BundleFile::getBaseFile (5 bytes)
Event: 1.998 Thread 0x00000283717c4180 nmethod 2415 0x000002836662bc90 code [0x000002836662be20, 0x000002836662bef8]
Event: 2.001 Thread 0x00000283717c4180 2418       3       java.util.jar.Attributes$Name::of (28 bytes)
Event: 2.001 Thread 0x00000283717c4180 nmethod 2418 0x000002835f4bb290 code [0x000002835f4bb480, 0x000002835f4bb9a8]
Event: 2.001 Thread 0x00000283717c4180 2419       3       org.eclipse.osgi.internal.loader.classpath.ManifestPackageAttributes::or (10 bytes)
Event: 2.001 Thread 0x00000283717c4180 nmethod 2419 0x000002835f4bbc10 code [0x000002835f4bbda0, 0x000002835f4bbed8]
Event: 2.003 Thread 0x00000283719987f0 2420       4       org.eclipse.osgi.internal.hookregistry.ClassLoaderHook::recordClassDefine (1 bytes)
Event: 2.004 Thread 0x00000283719987f0 nmethod 2420 0x000002836662bf90 code [0x000002836662c100, 0x000002836662c178]

GC Heap History (10 events):
Event: 0.823 GC heap before
{Heap before GC invocations=1 (full 0):
 PSYoungGen      total 29696K, used 25600K [0x00000000eab00000, 0x00000000ecc00000, 0x0000000100000000)
  eden space 25600K, 100% used [0x00000000eab00000,0x00000000ec400000,0x00000000ec400000)
  from space 4096K, 0% used [0x00000000ec800000,0x00000000ec800000,0x00000000ecc00000)
  to   space 4096K, 0% used [0x00000000ec400000,0x00000000ec400000,0x00000000ec800000)
 ParOldGen       total 68608K, used 0K [0x00000000c0000000, 0x00000000c4300000, 0x00000000eab00000)
  object space 68608K, 0% used [0x00000000c0000000,0x00000000c0000000,0x00000000c4300000)
 Metaspace       used 10792K, committed 10944K, reserved 1064960K
  class space    used 1083K, committed 1152K, reserved 1048576K
}
Event: 0.829 GC heap after
{Heap after GC invocations=1 (full 0):
 PSYoungGen      total 29696K, used 3256K [0x00000000eab00000, 0x00000000ecc00000, 0x0000000100000000)
  eden space 25600K, 0% used [0x00000000eab00000,0x00000000eab00000,0x00000000ec400000)
  from space 4096K, 79% used [0x00000000ec400000,0x00000000ec72e218,0x00000000ec800000)
  to   space 4096K, 0% used [0x00000000ec800000,0x00000000ec800000,0x00000000ecc00000)
 ParOldGen       total 68608K, used 16K [0x00000000c0000000, 0x00000000c4300000, 0x00000000eab00000)
  object space 68608K, 0% used [0x00000000c0000000,0x00000000c0004000,0x00000000c4300000)
 Metaspace       used 10792K, committed 10944K, reserved 1064960K
  class space    used 1083K, committed 1152K, reserved 1048576K
}
Event: 1.320 GC heap before
{Heap before GC invocations=2 (full 0):
 PSYoungGen      total 29696K, used 28856K [0x00000000eab00000, 0x00000000ecc00000, 0x0000000100000000)
  eden space 25600K, 100% used [0x00000000eab00000,0x00000000ec400000,0x00000000ec400000)
  from space 4096K, 79% used [0x00000000ec400000,0x00000000ec72e218,0x00000000ec800000)
  to   space 4096K, 0% used [0x00000000ec800000,0x00000000ec800000,0x00000000ecc00000)
 ParOldGen       total 68608K, used 16K [0x00000000c0000000, 0x00000000c4300000, 0x00000000eab00000)
  object space 68608K, 0% used [0x00000000c0000000,0x00000000c0004000,0x00000000c4300000)
 Metaspace       used 14770K, committed 15040K, reserved 1064960K
  class space    used 1502K, committed 1664K, reserved 1048576K
}
Event: 1.324 GC heap after
{Heap after GC invocations=2 (full 0):
 PSYoungGen      total 29696K, used 4065K [0x00000000eab00000, 0x00000000ecc00000, 0x0000000100000000)
  eden space 25600K, 0% used [0x00000000eab00000,0x00000000eab00000,0x00000000ec400000)
  from space 4096K, 99% used [0x00000000ec800000,0x00000000ecbf8698,0x00000000ecc00000)
  to   space 4096K, 0% used [0x00000000ec400000,0x00000000ec400000,0x00000000ec800000)
 ParOldGen       total 68608K, used 1518K [0x00000000c0000000, 0x00000000c4300000, 0x00000000eab00000)
  object space 68608K, 2% used [0x00000000c0000000,0x00000000c017b860,0x00000000c4300000)
 Metaspace       used 14770K, committed 15040K, reserved 1064960K
  class space    used 1502K, committed 1664K, reserved 1048576K
}
Event: 1.665 GC heap before
{Heap before GC invocations=3 (full 0):
 PSYoungGen      total 29696K, used 29665K [0x00000000eab00000, 0x00000000ecc00000, 0x0000000100000000)
  eden space 25600K, 100% used [0x00000000eab00000,0x00000000ec400000,0x00000000ec400000)
  from space 4096K, 99% used [0x00000000ec800000,0x00000000ecbf8698,0x00000000ecc00000)
  to   space 4096K, 0% used [0x00000000ec400000,0x00000000ec400000,0x00000000ec800000)
 ParOldGen       total 68608K, used 1518K [0x00000000c0000000, 0x00000000c4300000, 0x00000000eab00000)
  object space 68608K, 2% used [0x00000000c0000000,0x00000000c017b860,0x00000000c4300000)
 Metaspace       used 19534K, committed 19904K, reserved 1073152K
  class space    used 1983K, committed 2112K, reserved 1048576K
}
Event: 1.668 GC heap after
{Heap after GC invocations=3 (full 0):
 PSYoungGen      total 29696K, used 4071K [0x00000000eab00000, 0x00000000ecc00000, 0x0000000100000000)
  eden space 25600K, 0% used [0x00000000eab00000,0x00000000eab00000,0x00000000ec400000)
  from space 4096K, 99% used [0x00000000ec400000,0x00000000ec7f9da0,0x00000000ec800000)
  to   space 4096K, 0% used [0x00000000ec800000,0x00000000ec800000,0x00000000ecc00000)
 ParOldGen       total 68608K, used 3827K [0x00000000c0000000, 0x00000000c4300000, 0x00000000eab00000)
  object space 68608K, 5% used [0x00000000c0000000,0x00000000c03bcd68,0x00000000c4300000)
 Metaspace       used 19534K, committed 19904K, reserved 1073152K
  class space    used 1983K, committed 2112K, reserved 1048576K
}
Event: 1.863 GC heap before
{Heap before GC invocations=4 (full 0):
 PSYoungGen      total 29696K, used 12947K [0x00000000eab00000, 0x00000000ecc00000, 0x0000000100000000)
  eden space 25600K, 34% used [0x00000000eab00000,0x00000000eb3aaf18,0x00000000ec400000)
  from space 4096K, 99% used [0x00000000ec400000,0x00000000ec7f9da0,0x00000000ec800000)
  to   space 4096K, 0% used [0x00000000ec800000,0x00000000ec800000,0x00000000ecc00000)
 ParOldGen       total 68608K, used 3827K [0x00000000c0000000, 0x00000000c4300000, 0x00000000eab00000)
  object space 68608K, 5% used [0x00000000c0000000,0x00000000c03bcd68,0x00000000c4300000)
 Metaspace       used 21058K, committed 21504K, reserved 1073152K
  class space    used 2143K, committed 2368K, reserved 1048576K
}
Event: 1.866 GC heap after
{Heap after GC invocations=4 (full 0):
 PSYoungGen      total 29696K, used 4072K [0x00000000eab00000, 0x00000000ecc00000, 0x0000000100000000)
  eden space 25600K, 0% used [0x00000000eab00000,0x00000000eab00000,0x00000000ec400000)
  from space 4096K, 99% used [0x00000000ec800000,0x00000000ecbfa3b8,0x00000000ecc00000)
  to   space 4096K, 0% used [0x00000000ec400000,0x00000000ec400000,0x00000000ec800000)
 ParOldGen       total 68608K, used 4178K [0x00000000c0000000, 0x00000000c4300000, 0x00000000eab00000)
  object space 68608K, 6% used [0x00000000c0000000,0x00000000c0414b68,0x00000000c4300000)
 Metaspace       used 21058K, committed 21504K, reserved 1073152K
  class space    used 2143K, committed 2368K, reserved 1048576K
}
Event: 1.866 GC heap before
{Heap before GC invocations=5 (full 1):
 PSYoungGen      total 29696K, used 4072K [0x00000000eab00000, 0x00000000ecc00000, 0x0000000100000000)
  eden space 25600K, 0% used [0x00000000eab00000,0x00000000eab00000,0x00000000ec400000)
  from space 4096K, 99% used [0x00000000ec800000,0x00000000ecbfa3b8,0x00000000ecc00000)
  to   space 4096K, 0% used [0x00000000ec400000,0x00000000ec400000,0x00000000ec800000)
 ParOldGen       total 68608K, used 4178K [0x00000000c0000000, 0x00000000c4300000, 0x00000000eab00000)
  object space 68608K, 6% used [0x00000000c0000000,0x00000000c0414b68,0x00000000c4300000)
 Metaspace       used 21058K, committed 21504K, reserved 1073152K
  class space    used 2143K, committed 2368K, reserved 1048576K
}
Event: 1.884 GC heap after
{Heap after GC invocations=5 (full 1):
 PSYoungGen      total 29696K, used 0K [0x00000000eab00000, 0x00000000ecc00000, 0x0000000100000000)
  eden space 25600K, 0% used [0x00000000eab00000,0x00000000eab00000,0x00000000ec400000)
  from space 4096K, 0% used [0x00000000ec800000,0x00000000ec800000,0x00000000ecc00000)
  to   space 4096K, 0% used [0x00000000ec400000,0x00000000ec400000,0x00000000ec800000)
 ParOldGen       total 68608K, used 8014K [0x00000000c0000000, 0x00000000c4300000, 0x00000000eab00000)
  object space 68608K, 11% used [0x00000000c0000000,0x00000000c07d3ac0,0x00000000c4300000)
 Metaspace       used 21045K, committed 21504K, reserved 1073152K
  class space    used 2139K, committed 2368K, reserved 1048576K
}

Deoptimization events (20 events):
Event: 1.824 Thread 0x00000283745a00e0 DEOPT PACKING pc=0x00000283665d83c0 sp=0x000000ae87ff9050
Event: 1.824 Thread 0x00000283745a00e0 DEOPT UNPACKING pc=0x000002835eac20a3 sp=0x000000ae87ff8fd8 mode 2
Event: 1.975 Thread 0x00000283745a00e0 Uncommon trap: trap_request=0xffffff45 fr.pc=0x0000028366552478 relative=0x00000000000000f8
Event: 1.975 Thread 0x00000283745a00e0 Uncommon trap: reason=unstable_if action=reinterpret pc=0x0000028366552478 method=java.lang.StringCoding.hasNegatives([BII)Z @ 12 c2
Event: 1.975 Thread 0x00000283745a00e0 DEOPT PACKING pc=0x0000028366552478 sp=0x000000ae87ff34c0
Event: 1.975 Thread 0x00000283745a00e0 DEOPT UNPACKING pc=0x000002835eac20a3 sp=0x000000ae87ff3450 mode 2
Event: 1.979 Thread 0x00000283745a00e0 DEOPT PACKING pc=0x000002835f4b3656 sp=0x000000ae87ff3570
Event: 1.979 Thread 0x00000283745a00e0 DEOPT UNPACKING pc=0x000002835eac2843 sp=0x000000ae87ff29f8 mode 0
Event: 1.984 Thread 0x00000283745a00e0 DEOPT PACKING pc=0x000002835f4b3656 sp=0x000000ae87ff34c0
Event: 1.984 Thread 0x00000283745a00e0 DEOPT UNPACKING pc=0x000002835eac2843 sp=0x000000ae87ff2948 mode 0
Event: 1.994 Thread 0x00000283745a00e0 DEOPT PACKING pc=0x000002835f4b3656 sp=0x000000ae87ff34c0
Event: 1.994 Thread 0x00000283745a00e0 DEOPT UNPACKING pc=0x000002835eac2843 sp=0x000000ae87ff2948 mode 0
Event: 1.994 Thread 0x00000283745a00e0 Uncommon trap: trap_request=0xffffff45 fr.pc=0x000002836658bd90 relative=0x0000000000002450
Event: 1.994 Thread 0x00000283745a00e0 Uncommon trap: reason=unstable_if action=reinterpret pc=0x000002836658bd90 method=java.util.jar.Manifest$FastInputStream.peek()B @ 8 c2
Event: 1.994 Thread 0x00000283745a00e0 DEOPT PACKING pc=0x000002836658bd90 sp=0x000000ae87ff35f0
Event: 1.994 Thread 0x00000283745a00e0 DEOPT UNPACKING pc=0x000002835eac20a3 sp=0x000000ae87ff3588 mode 2
Event: 1.997 Thread 0x00000283745a00e0 Uncommon trap: trap_request=0xffffff45 fr.pc=0x0000028366622304 relative=0x0000000000000084
Event: 1.997 Thread 0x00000283745a00e0 Uncommon trap: reason=unstable_if action=reinterpret pc=0x0000028366622304 method=java.util.jar.Manifest$FastInputStream.peek()B @ 8 c2
Event: 1.997 Thread 0x00000283745a00e0 DEOPT PACKING pc=0x0000028366622304 sp=0x000000ae87ff35f0
Event: 1.997 Thread 0x00000283745a00e0 DEOPT UNPACKING pc=0x000002835eac20a3 sp=0x000000ae87ff3588 mode 2

Classes unloaded (7 events):
Event: 1.869 Thread 0x000002836fb0ff70 Unloading class 0x000000010020c400 'java/lang/invoke/LambdaForm$MH+0x000000010020c400'
Event: 1.869 Thread 0x000002836fb0ff70 Unloading class 0x000000010020c000 'java/lang/invoke/LambdaForm$MH+0x000000010020c000'
Event: 1.869 Thread 0x000002836fb0ff70 Unloading class 0x000000010020bc00 'java/lang/invoke/LambdaForm$MH+0x000000010020bc00'
Event: 1.869 Thread 0x000002836fb0ff70 Unloading class 0x000000010020b800 'java/lang/invoke/LambdaForm$MH+0x000000010020b800'
Event: 1.869 Thread 0x000002836fb0ff70 Unloading class 0x000000010020b000 'java/lang/invoke/LambdaForm$BMH+0x000000010020b000'
Event: 1.869 Thread 0x000002836fb0ff70 Unloading class 0x000000010020ac00 'java/lang/invoke/LambdaForm$DMH+0x000000010020ac00'
Event: 1.869 Thread 0x000002836fb0ff70 Unloading class 0x0000000100208400 'java/lang/invoke/LambdaForm$DMH+0x0000000100208400'

Classes redefined (0 events):
No events

Internal exceptions (20 events):
Event: 0.817 Thread 0x000002835bde21c0 Exception <a 'java/lang/NoSuchMethodError'{0x00000000ec3c8640}: 'void java.lang.invoke.DirectMethodHandle$Holder.invokeSpecial(java.lang.Object, java.lang.Object, java.lang.Object)'> (0x00000000ec3c8640) 
thrown [s\src\hotspot\share\interpreter\linkResolver.cpp, line 759]
Event: 1.076 Thread 0x000002835bde21c0 Exception <a 'java/lang/NoSuchMethodError'{0x00000000eb7d1a80}: 'java.lang.Object java.lang.invoke.DirectMethodHandle$Holder.newInvokeSpecial(java.lang.Object, int, java.lang.Object)'> (0x00000000eb7d1a80) 
thrown [s\src\hotspot\share\interpreter\linkResolver.cpp, line 759]
Event: 1.221 Thread 0x000002835bde21c0 Exception <a 'java/lang/UnsatisfiedLinkError'{0x00000000ebd904a8}: 'void org.eclipse.equinox.launcher.JNIBridge._update_splash()'> (0x00000000ebd904a8) 
thrown [s\src\hotspot\share\prims\nativeLookup.cpp, line 543]
Event: 1.260 Thread 0x00000283745a00e0 Exception <a 'java/lang/NoSuchMethodError'{0x00000000ec02d528}: 'java.lang.Object java.lang.invoke.DirectMethodHandle$Holder.invokeStaticInit(java.lang.Object)'> (0x00000000ec02d528) 
thrown [s\src\hotspot\share\interpreter\linkResolver.cpp, line 759]
Event: 1.426 Thread 0x00000283745a00e0 Exception <a 'java/io/FileNotFoundException'{0x00000000eb30c2b8}> (0x00000000eb30c2b8) 
thrown [s\src\hotspot\share\prims\jni.cpp, line 516]
Event: 1.435 Thread 0x00000283745a00e0 Exception <a 'java/lang/NullPointerException'{0x00000000eb3629e0}> (0x00000000eb3629e0) 
thrown [s\src\hotspot\share\interpreter\linkResolver.cpp, line 1350]
Event: 1.435 Thread 0x00000283745a00e0 Exception <a 'java/lang/NullPointerException'{0x00000000eb363208}> (0x00000000eb363208) 
thrown [s\src\hotspot\share\interpreter\linkResolver.cpp, line 1350]
Event: 1.498 Thread 0x00000283745a00e0 Exception <a 'java/lang/NoSuchMethodError'{0x00000000eb751620}: 'int java.lang.invoke.DirectMethodHandle$Holder.invokeSpecial(java.lang.Object, java.lang.Object, java.lang.Object)'> (0x00000000eb751620) 
thrown [s\src\hotspot\share\interpreter\linkResolver.cpp, line 759]
Event: 1.584 Thread 0x00000283745a00e0 Exception <a 'java/lang/NoSuchMethodError'{0x00000000ebee9bb0}: 'void java.lang.invoke.DirectMethodHandle$Holder.invokeInterface(java.lang.Object, java.lang.Object, java.lang.Object)'> (0x00000000ebee9bb0) 
thrown [s\src\hotspot\share\interpreter\linkResolver.cpp, line 759]
Event: 1.636 Thread 0x00000283745a00e0 Exception <a 'java/lang/NoSuchMethodError'{0x00000000ec1faa80}: 'java.lang.Object java.lang.invoke.Invokers$Holder.invokeExact_MT(java.lang.Object, java.lang.Object, java.lang.Object, java.lang.Object, java.lang.Object, java.lang.Object)'> (0x00000000ec1faa80) 
thrown [s\src\hotspot\share\interpreter\linkResolver.cpp, line 759]
Event: 1.650 Thread 0x00000283745a00e0 Exception <a 'java/lang/NoSuchMethodError'{0x00000000ec2e4b10}: 'java.lang.Object java.lang.invoke.DirectMethodHandle$Holder.invokeStatic(java.lang.Object, java.lang.Object, int)'> (0x00000000ec2e4b10) 
thrown [s\src\hotspot\share\interpreter\linkResolver.cpp, line 759]
Event: 1.651 Thread 0x00000283745a00e0 Exception <a 'java/lang/NoSuchMethodError'{0x00000000ec2e9a90}: 'void java.lang.invoke.DirectMethodHandle$Holder.invokeStatic(java.lang.Object, java.lang.Object, int, java.lang.Object)'> (0x00000000ec2e9a90) 
thrown [s\src\hotspot\share\interpreter\linkResolver.cpp, line 759]
Event: 1.651 Thread 0x00000283745a00e0 Exception <a 'java/lang/NoSuchMethodError'{0x00000000ec2f1408}: 'void java.lang.invoke.DelegatingMethodHandle$Holder.delegate(java.lang.Object, java.lang.Object, int, java.lang.Object)'> (0x00000000ec2f1408) 
thrown [s\src\hotspot\share\interpreter\linkResolver.cpp, line 759]
Event: 1.652 Thread 0x00000283745a00e0 Exception <a 'java/lang/NoSuchMethodError'{0x00000000ec302dc0}: 'int java.lang.invoke.DirectMethodHandle$Holder.invokeStatic(java.lang.Object, java.lang.Object, int)'> (0x00000000ec302dc0) 
thrown [s\src\hotspot\share\interpreter\linkResolver.cpp, line 759]
Event: 1.652 Thread 0x00000283745a00e0 Exception <a 'java/lang/NoSuchMethodError'{0x00000000ec306de8}: 'int java.lang.invoke.DirectMethodHandle$Holder.invokeSpecial(java.lang.Object, java.lang.Object, java.lang.Object, int)'> (0x00000000ec306de8) 
thrown [s\src\hotspot\share\interpreter\linkResolver.cpp, line 759]
Event: 1.654 Thread 0x00000283745a00e0 Exception <a 'java/lang/NoSuchMethodError'{0x00000000ec322ad8}: 'java.lang.Object java.lang.invoke.DirectMethodHandle$Holder.invokeStatic(java.lang.Object, java.lang.Object, java.lang.Object, java.lang.Object, int)'> (0x00000000ec322ad8) 
thrown [s\src\hotspot\share\interpreter\linkResolver.cpp, line 759]
Event: 1.654 Thread 0x00000283745a00e0 Exception <a 'java/lang/NoSuchMethodError'{0x00000000ec32ead0}: 'java.lang.Object java.lang.invoke.DelegatingMethodHandle$Holder.reinvoke_L(java.lang.Object, java.lang.Object, java.lang.Object, java.lang.Object, int, int)'> (0x00000000ec32ead0) 
thrown [s\src\hotspot\share\interpreter\linkResolver.cpp, line 759]
Event: 1.655 Thread 0x00000283745a00e0 Exception <a 'java/lang/NoSuchMethodError'{0x00000000ec3463b8}: 'java.lang.Object java.lang.invoke.Invokers$Holder.invokeExact_MT(java.lang.Object, java.lang.Object, java.lang.Object, java.lang.Object)'> (0x00000000ec3463b8) 
thrown [s\src\hotspot\share\interpreter\linkResolver.cpp, line 759]
Event: 1.863 Thread 0x00000283745a00e0 Exception <a 'java/lang/NoSuchMethodError'{0x00000000eb376c98}: 'int java.lang.invoke.DirectMethodHandle$Holder.invokeStaticInit(java.lang.Object, java.lang.Object, java.lang.Object)'> (0x00000000eb376c98) 
thrown [s\src\hotspot\share\interpreter\linkResolver.cpp, line 759]
Event: 1.892 Thread 0x00000283745a00e0 Exception <a 'java/lang/IncompatibleClassChangeError'{0x00000000eab64450}: Found class java.lang.Object, but interface was expected> (0x00000000eab64450) 
thrown [s\src\hotspot\share\interpreter\linkResolver.cpp, line 826]

VM Operations (20 events):
Event: 1.071 Executing VM operation: HandshakeAllThreads
Event: 1.071 Executing VM operation: HandshakeAllThreads done
Event: 1.274 Executing VM operation: HandshakeAllThreads
Event: 1.274 Executing VM operation: HandshakeAllThreads done
Event: 1.320 Executing VM operation: ParallelGCFailedAllocation
Event: 1.324 Executing VM operation: ParallelGCFailedAllocation done
Event: 1.513 Executing VM operation: HandshakeAllThreads
Event: 1.513 Executing VM operation: HandshakeAllThreads done
Event: 1.552 Executing VM operation: HandshakeAllThreads
Event: 1.552 Executing VM operation: HandshakeAllThreads done
Event: 1.570 Executing VM operation: HandshakeAllThreads
Event: 1.570 Executing VM operation: HandshakeAllThreads done
Event: 1.650 Executing VM operation: HandshakeAllThreads
Event: 1.650 Executing VM operation: HandshakeAllThreads done
Event: 1.664 Executing VM operation: ParallelGCFailedAllocation
Event: 1.669 Executing VM operation: ParallelGCFailedAllocation done
Event: 1.863 Executing VM operation: CollectForMetadataAllocation
Event: 1.884 Executing VM operation: CollectForMetadataAllocation done
Event: 1.916 Executing VM operation: HandshakeAllThreads
Event: 1.916 Executing VM operation: HandshakeAllThreads done

Events (20 events):
Event: 1.918 loading class java/util/concurrent/ConcurrentSkipListMap$Node
Event: 1.918 loading class java/util/concurrent/ConcurrentSkipListMap$Node done
Event: 1.919 loading class java/util/concurrent/ThreadLocalRandom
Event: 1.919 loading class java/util/concurrent/ThreadLocalRandom done
Event: 1.919 loading class jdk/internal/util/random/RandomSupport
Event: 1.920 loading class jdk/internal/util/random/RandomSupport done
Event: 1.920 loading class java/lang/invoke/VarHandleLongs$FieldInstanceReadWrite
Event: 1.920 loading class java/lang/invoke/VarHandleLongs$FieldInstanceReadOnly
Event: 1.920 loading class java/lang/invoke/VarHandleLongs$FieldInstanceReadOnly done
Event: 1.920 loading class java/lang/invoke/VarHandleLongs$FieldInstanceReadWrite done
Event: 1.920 loading class java/util/concurrent/atomic/Striped64$1
Event: 1.920 loading class java/util/concurrent/atomic/Striped64$1 done
Event: 1.942 loading class java/security/Policy$UnsupportedEmptyCollection
Event: 1.942 loading class java/security/Policy$UnsupportedEmptyCollection done
Event: 1.942 loading class java/security/Policy$PolicyInfo
Event: 1.942 loading class java/security/Policy$PolicyInfo done
Event: 2.003 loading class java/io/FileReader
Event: 2.003 loading class java/io/FileReader done
Event: 2.003 loading class java/io/FileWriter
Event: 2.003 loading class java/io/FileWriter done


Dynamic libraries:
0x00007ff605670000 - 0x00007ff60567e000 	c:\Users\U-ser\.kiro\extensions\redhat.java-1.12.0-win32-x64\jre\17.0.4.1-win32-x86_64\bin\java.exe
0x00007fffd5b80000 - 0x00007fffd5de7000 	C:\WINDOWS\SYSTEM32\ntdll.dll
0x00007fffd57c0000 - 0x00007fffd5889000 	C:\WINDOWS\System32\KERNEL32.DLL
0x00007fffd2960000 - 0x00007fffd2d51000 	C:\WINDOWS\System32\KERNELBASE.dll
0x00007fffd3740000 - 0x00007fffd388b000 	C:\WINDOWS\System32\ucrtbase.dll
0x00007fff9ed70000 - 0x00007fff9ed88000 	c:\Users\U-ser\.kiro\extensions\redhat.java-1.12.0-win32-x64\jre\17.0.4.1-win32-x86_64\bin\jli.dll
0x00007fffa7740000 - 0x00007fffa7759000 	c:\Users\U-ser\.kiro\extensions\redhat.java-1.12.0-win32-x64\jre\17.0.4.1-win32-x86_64\bin\VCRUNTIME140.dll
0x00007fffd51b0000 - 0x00007fffd5375000 	C:\WINDOWS\System32\USER32.dll
0x00007fffd2800000 - 0x00007fffd2827000 	C:\WINDOWS\System32\win32u.dll
0x00007fffd3e70000 - 0x00007fffd3e9b000 	C:\WINDOWS\System32\GDI32.dll
0x00007fffd2830000 - 0x00007fffd295b000 	C:\WINDOWS\System32\gdi32full.dll
0x00007fffb8290000 - 0x00007fffb8523000 	C:\WINDOWS\WinSxS\amd64_microsoft.windows.common-controls_6595b64144ccf1df_6.0.26100.8037_none_3e092faae333b53b\COMCTL32.dll
0x00007fffd2e20000 - 0x00007fffd2ec3000 	C:\WINDOWS\System32\msvcp_win.dll
0x00007fffd58b0000 - 0x00007fffd5959000 	C:\WINDOWS\System32\msvcrt.dll
0x00007fffd3fa0000 - 0x00007fffd3fd1000 	C:\WINDOWS\System32\IMM32.DLL
0x00007fffa7890000 - 0x00007fffa789c000 	c:\Users\U-ser\.kiro\extensions\redhat.java-1.12.0-win32-x64\jre\17.0.4.1-win32-x86_64\bin\vcruntime140_1.dll
0x00007fff5c0a0000 - 0x00007fff5c131000 	c:\Users\U-ser\.kiro\extensions\redhat.java-1.12.0-win32-x64\jre\17.0.4.1-win32-x86_64\bin\msvcp140.dll
0x00007fff10040000 - 0x00007fff10c86000 	c:\Users\U-ser\.kiro\extensions\redhat.java-1.12.0-win32-x64\jre\17.0.4.1-win32-x86_64\bin\server\jvm.dll
0x00007fffd5390000 - 0x00007fffd544b000 	C:\WINDOWS\System32\ADVAPI32.dll
0x00007fffd3930000 - 0x00007fffd39d7000 	C:\WINDOWS\System32\sechost.dll
0x00007fffd47e0000 - 0x00007fffd48f8000 	C:\WINDOWS\System32\RPCRT4.dll
0x00007fffd4ea0000 - 0x00007fffd4ea8000 	C:\WINDOWS\System32\PSAPI.DLL
0x00007fffbe930000 - 0x00007fffbe93a000 	C:\WINDOWS\SYSTEM32\WSOCK32.dll
0x00007fffc7930000 - 0x00007fffc7965000 	C:\WINDOWS\SYSTEM32\WINMM.dll
0x00007fffd4dd0000 - 0x00007fffd4e44000 	C:\WINDOWS\System32\WS2_32.dll
0x00007fffc05c0000 - 0x00007fffc05cb000 	C:\WINDOWS\SYSTEM32\VERSION.dll
0x00007fffd11f0000 - 0x00007fffd120b000 	C:\WINDOWS\SYSTEM32\kernel.appcore.dll
0x00007fffa1670000 - 0x00007fffa167a000 	c:\Users\U-ser\.kiro\extensions\redhat.java-1.12.0-win32-x64\jre\17.0.4.1-win32-x86_64\bin\jimage.dll
0x00007fffd03b0000 - 0x00007fffd05f2000 	C:\WINDOWS\SYSTEM32\DBGHELP.DLL
0x00007fffd4980000 - 0x00007fffd4d02000 	C:\WINDOWS\System32\combase.dll
0x00007fffd4eb0000 - 0x00007fffd4f87000 	C:\WINDOWS\System32\OLEAUT32.dll
0x00007fffb2e40000 - 0x00007fffb2e7b000 	C:\WINDOWS\SYSTEM32\dbgcore.DLL
0x00007fffd25e0000 - 0x00007fffd2685000 	C:\WINDOWS\System32\bcryptPrimitives.dll
0x00007fffa1630000 - 0x00007fffa163e000 	c:\Users\U-ser\.kiro\extensions\redhat.java-1.12.0-win32-x64\jre\17.0.4.1-win32-x86_64\bin\instrument.dll
0x00007fff93ca0000 - 0x00007fff93cc5000 	c:\Users\U-ser\.kiro\extensions\redhat.java-1.12.0-win32-x64\jre\17.0.4.1-win32-x86_64\bin\java.dll
0x00007fff97640000 - 0x00007fff97658000 	c:\Users\U-ser\.kiro\extensions\redhat.java-1.12.0-win32-x64\jre\17.0.4.1-win32-x86_64\bin\zip.dll
0x00007fffd4070000 - 0x00007fffd47cf000 	C:\WINDOWS\System32\SHELL32.dll
0x00007fffd2690000 - 0x00007fffd27fa000 	C:\WINDOWS\System32\wintypes.dll
0x00007fffd2ed0000 - 0x00007fffd3734000 	C:\WINDOWS\System32\windows.storage.dll
0x00007fffd3ea0000 - 0x00007fffd3f97000 	C:\WINDOWS\System32\SHCORE.dll
0x00007fffd5450000 - 0x00007fffd54b7000 	C:\WINDOWS\System32\shlwapi.dll
0x00007fffd2380000 - 0x00007fffd23a9000 	C:\WINDOWS\SYSTEM32\profapi.dll
0x00007fff975e0000 - 0x00007fff975f9000 	C:\Users\U-ser\.kiro\extensions\redhat.java-1.12.0-win32-x64\jre\17.0.4.1-win32-x86_64\bin\net.dll
0x00007fffc98b0000 - 0x00007fffc99d7000 	C:\WINDOWS\SYSTEM32\WINHTTP.dll
0x00007fffd1760000 - 0x00007fffd17cb000 	C:\WINDOWS\system32\mswsock.dll
0x00007fff96e30000 - 0x00007fff96e45000 	C:\Users\U-ser\.kiro\extensions\redhat.java-1.12.0-win32-x64\jre\17.0.4.1-win32-x86_64\bin\nio.dll
0x00007fff9ed20000 - 0x00007fff9ed30000 	c:\Users\U-ser\.kiro\extensions\redhat.java-1.12.0-win32-x64\jre\17.0.4.1-win32-x86_64\bin\verify.dll
0x00007fff7bba0000 - 0x00007fff7bbde000 	C:\Users\U-ser\AppData\Roaming\Kiro\User\globalStorage\redhat.java\1.12.0\config_win\org.eclipse.equinox.launcher\org.eclipse.equinox.launcher.win32.win32.x86_64_1.2.600.v20220720-1916\eclipse_11700.dll
0x00007fffd54c0000 - 0x00007fffd5655000 	C:\WINDOWS\System32\ole32.dll

dbghelp: loaded successfully - version: 4.0.5 - missing functions: none
symbol engine: initialized successfully - sym options: 0x614 - pdb path: .;c:\Users\U-ser\.kiro\extensions\redhat.java-1.12.0-win32-x64\jre\17.0.4.1-win32-x86_64\bin;C:\WINDOWS\SYSTEM32;C:\WINDOWS\WinSxS\amd64_microsoft.windows.common-controls_6595b64144ccf1df_6.0.26100.8037_none_3e092faae333b53b;c:\Users\U-ser\.kiro\extensions\redhat.java-1.12.0-win32-x64\jre\17.0.4.1-win32-x86_64\bin\server;C:\Users\U-ser\AppData\Roaming\Kiro\User\globalStorage\redhat.java\1.12.0\config_win\org.eclipse.equinox.launcher\org.eclipse.equinox.launcher.win32.win32.x86_64_1.2.600.v20220720-1916

VM Arguments:
jvm_args: --add-modules=ALL-SYSTEM --add-opens=java.base/java.util=ALL-UNNAMED --add-opens=java.base/java.lang=ALL-UNNAMED --add-opens=java.base/sun.nio.fs=ALL-UNNAMED -Declipse.application=org.eclipse.jdt.ls.core.id1 -Dosgi.bundles.defaultStartLevel=4 -Declipse.product=org.eclipse.jdt.ls.core.product -Djava.import.generatesMetadataFilesAtProjectRoot=false -Dfile.encoding=utf8 -XX:+UseParallelGC -XX:GCTimeRatio=4 -XX:AdaptiveSizePolicyWeight=90 -Dsun.zip.disableMemoryMapping=true -Xmx1G -Xms100m -Xlog:disable -javaagent:c:\Users\U-ser\.kiro\extensions\redhat.java-1.12.0-win32-x64\lombok\lombok-1.18.24.jar -XX:+HeapDumpOnOutOfMemoryError -XX:HeapDumpPath=c:\Users\U-ser\AppData\Roaming\Kiro\User\workspaceStorage\353eb41b83a62a7905521e95c5419d63\redhat.java 
java_command: c:\Users\U-ser\.kiro\extensions\redhat.java-1.12.0-win32-x64\server\plugins\org.eclipse.equinox.launcher_1.6.400.v20210924-0641.jar -configuration c:\Users\U-ser\AppData\Roaming\Kiro\User\globalStorage\redhat.java\1.12.0\config_win -data c:\Users\U-ser\AppData\Roaming\Kiro\User\workspaceStorage\353eb41b83a62a7905521e95c5419d63\redhat.java\jdt_ws
java_class_path (initial): c:\Users\U-ser\.kiro\extensions\redhat.java-1.12.0-win32-x64\server\plugins\org.eclipse.equinox.launcher_1.6.400.v20210924-0641.jar
Launcher Type: SUN_STANDARD

[Global flags]
    uintx AdaptiveSizePolicyWeight                 = 90                                        {product} {command line}
     intx CICompilerCount                          = 4                                         {product} {ergonomic}
    uintx GCTimeRatio                              = 4                                         {product} {command line}
     bool HeapDumpOnOutOfMemoryError               = true                                   {manageable} {command line}
    ccstr HeapDumpPath                             = c:\Users\U-ser\AppData\Roaming\Kiro\User\workspaceStorage\353eb41b83a62a7905521e95c5419d63\redhat.java         {manageable} {command line}
   size_t InitialHeapSize                          = 104857600                                 {product} {command line}
   size_t MaxHeapSize                              = 1073741824                                {product} {command line}
   size_t MaxNewSize                               = 357564416                                 {product} {ergonomic}
   size_t MinHeapDeltaBytes                        = 524288                                    {product} {ergonomic}
   size_t MinHeapSize                              = 104857600                                 {product} {command line}
   size_t NewSize                                  = 34603008                                  {product} {ergonomic}
    uintx NonNMethodCodeHeapSize                   = 5839372                                {pd product} {ergonomic}
    uintx NonProfiledCodeHeapSize                  = 122909434                              {pd product} {ergonomic}
   size_t OldSize                                  = 70254592                                  {product} {ergonomic}
    uintx ProfiledCodeHeapSize                     = 122909434                              {pd product} {ergonomic}
    uintx ReservedCodeCacheSize                    = 251658240                              {pd product} {ergonomic}
     bool SegmentedCodeCache                       = true                                      {product} {ergonomic}
   size_t SoftMaxHeapSize                          = 1073741824                             {manageable} {ergonomic}
     bool UseCompressedClassPointers               = true                           {product lp64_product} {ergonomic}
     bool UseCompressedOops                        = true                           {product lp64_product} {ergonomic}
     bool UseLargePagesIndividualAllocation        = false                                  {pd product} {ergonomic}
     bool UseParallelGC                            = true                                      {product} {command line}

Logging:
Log output configuration:
 #0: stdout all=off uptime,level,tags
 #1: stderr all=off uptime,level,tags

Environment Variables:
JAVA_HOME=C:\Program Files\OpenJDK\jdk-25
PATH=C:\Program Files\Eclipse Adoptium\jdk-25.0.1.8-hotspot\bin;C:\Program Files\Common Files\Oracle\Java\javapath;C:\Program Files (x86)\Common Files\Oracle\Java\java8path;C:\Program Files (x86)\Common Files\Oracle\Java\javapath;C:\WINDOWS\system32;C:\WINDOWS;C:\WINDOWS\System32\Wbem;C:\WINDOWS\System32\WindowsPowerShell\v1.0\;C:\WINDOWS\System32\OpenSSH\;C:\Program Files (x86)\QuickTime\QTSystem\;C:\Program Files\Git\cmd;C:\Program Files\nodejs\;C:\Program Files\MySQL\MySQL Server 8.0\bin;C:\Program Files\dotnet\;C:\ProgramData\chocolatey\bin;C:\Program Files\OpenJDK\jdk-25\bin;C:\Program Files (x86)\dotnet\;C:\Program Files\apache-maven-3.9.12\bin;;C:\Program Files\GnuPG\bin;C:\xampp\php;C:\ProgramData\ComposerSetup\bin;C:\Users\U-ser\AppData\Local\Programs\Python\Python313\Scripts\;C:\Users\U-ser\AppData\Local\Programs\Python\Python313\;C:\Users\U-ser\AppData\Local\Programs\Python\Launcher\;C:\Users\U-ser\AppData\Local\Microsoft\WindowsApps;C:\Users\U-ser\AppData\Local\Programs\Microsoft VS Code\bin;C:\msys64\mingw64\bin;C:\Users\U-ser\AppData\Roaming\npm;C:\Program Files\MySQL\MySQL Server 8.0\bin;C:\Users\U-ser\AppData\Roaming\Composer\vendor\bin;C:\Users\U-ser\AppData\Local\Programs\Kiro\bin;C:\Users\U-ser\AppData\Local\Programs\cursor\resources\app\bin;C:\Users\U-ser\AppData\Local\Programs\Antigravity\bin
USERNAME=U-ser
OS=Windows_NT
PROCESSOR_IDENTIFIER=Intel64 Family 6 Model 186 Stepping 2, GenuineIntel
TMP=C:\Users\U-ser\AppData\Local\Temp
TEMP=C:\Users\U-ser\AppData\Local\Temp



---------------  S Y S T E M  ---------------

OS:
 Windows 11 , 64 bit Build 26100 (10.0.26100.7920)
OS uptime: 2 days 16:54 hours
Hyper-V role detected

CPU: total 12 (initial active 12) (6 cores per cpu, 2 threads per core) family 6 model 186 stepping 2 microcode 0x4122, cx8, cmov, fxsr, ht, mmx, 3dnowpref, sse, sse2, sse3, ssse3, sse4.1, sse4.2, popcnt, lzcnt, tsc, tscinvbit, avx, avx2, aes, erms, clmul, bmi1, bmi2, adx, sha, fma, vzeroupper, clflush, clflushopt, clwb, hv

Memory: 4k page, system-wide physical 16009M (1145M free)
TotalPageFile size 30227M (AvailPageFile size 7M)
current process WorkingSet (physical memory assigned to process): 118M, peak: 118M
current process commit charge ("private bytes"): 229M, peak: 229M

vm_info: OpenJDK 64-Bit Server VM (17.0.4.1+1) for windows-amd64 JRE (17.0.4.1+1), built on Aug 17 2022 07:42:43 by "temurin" with MS VC++ 16.7 (VS2019)

END.
